Recreating states:
Process @0
 Dynamic Allocations: 0
 Open Streams: 3
 Open DIRs: 0
 Thread #1 @TT=0

Process @2
 Dynamic Allocations: 0
 Open Streams: 3
 Open DIRs: 0
 Thread #1 @TT=1
  Function [Index=0]
   Allocas:
   Instruction values [Active=unassigned]:

Process @3
 Dynamic Allocations: 0
 Open Streams: 3
 Open DIRs: 0
 Thread #1 @TT=11
  Function [Index=0]
   Allocas:
    0 =[4]
    1 =[4]
    2 =[8]
    3 =[4]
    4 =[4]
    5 =[4]
    6 =[4]
    7 =[8]
    8 =[16]
   Instruction values [Active=9]:
    0 = 
    1 = 
    2 = 
    3 = 
    4 = 
    5 = 
    6 = 
    7 = 
    8 = 

Process @4
 Dynamic Allocations: 0
 Open Streams: 3
 Open DIRs: 0
 Thread #1 @TT=12
  Function [Index=0]
   Allocas:
    0 =[4]
    1 =[4]
    2 =[8]
    3 =[4]
    4 =[4]
    5 =[4]
    6 =[4]
    7 =[8]
    8 =[16]
   Instruction values [Active=10]:
    0 = 
    1 = 
    2 = 
    3 = 
    4 = 
    5 = 
    6 = 
    7 = 
    8 = 

Process @5
 Dynamic Allocations: 0
 Open Streams: 3
 Open DIRs: 0
 Thread #1 @TT=13
  Function [Index=0]
   Allocas:
    0 =[4]
    1 =[4]
    2 =[8]
    3 =[4]
    4 =[4]
    5 =[4]
    6 =[4]
    7 =[8]
    8 =[16]
   Instruction values [Active=12]:
    0 = 
    1 = 
    2 = 
    3 = 
    4 = 
    5 = 
    6 = 
    7 = 
    8 = 

Process @6
 Dynamic Allocations: 0
 Open Streams: 3
 Open DIRs: 0
 Thread #1 @TT=14
  Function [Index=0]
   Allocas:
    0 =[4]
    1 =[4]
    2 =[8]
    3 =[4]
    4 =[4]
    5 =[4]
    6 =[4]
    7 =[8]
    8 =[16]
   Instruction values [Active=18]:
    0 = 
    1 = 
    2 = 
    3 = 
    4 = 
    5 = 
    6 = 
    7 = 
    8 = 
    18 = (float)1.000000e+01

Process @7
 Dynamic Allocations: 0
 Open Streams: 3
 Open DIRs: 0
 Thread #1 @TT=15
  Function [Index=0]
   Allocas:
    0 =[4]
    1 =[4]
    2 =[8]
    3 =[4]
    4 =[4]
    5 =[4]
    6 =[4]
    7 =[8]
    8 =[16]
   Instruction values [Active=19]:
    0 = 
    1 = 
    2 = 
    3 = 
    4 = 
    5 = 
    6 = 
    7 = 
    8 = 
    18 = (float)1.000000e+01

Process @8
 Dynamic Allocations: 0
 Open Streams: 3
 Open DIRs: 0
 Thread #1 @TT=16
  Function [Index=0]
   Allocas:
    0 =[4]
    1 =[4]
    2 =[8]
    3 =[4]
    4 =[4]
    5 =[4]
    6 =[4]
    7 =[8]
    8 =[16]
   Instruction values [Active=21]:
    0 = 
    1 = 
    2 = 
    3 = 
    4 = 
    5 = 
    6 = 
    7 = 
    8 = 
    18 = (float)1.000000e+01
    21 = (double)1.000000e+01

Process @9
 Dynamic Allocations: 0
 Open Streams: 3
 Open DIRs: 0
 Thread #1 @TT=17
  Function [Index=0]
   Allocas:
    0 =[4]
    1 =[4]
    2 =[8]
    3 =[4]
    4 =[4]
    5 =[4]
    6 =[4]
    7 =[8]
    8 =[16]
   Instruction values [Active=22]:
    0 = 
    1 = 
    2 = 
    3 = 
    4 = 
    5 = 
    6 = 
    7 = 
    8 = 
    18 = (float)1.000000e+01
    21 = (double)1.000000e+01

Process @10
 Dynamic Allocations: 0
 Open Streams: 3
 Open DIRs: 0
 Thread #1 @TT=18
  Function [Index=0]
   Allocas:
    0 =[4]
    1 =[4]
    2 =[8]
    3 =[4]
    4 =[4]
    5 =[4]
    6 =[4]
    7 =[8]
    8 =[16]
   Instruction values [Active=24]:
    0 = 
    1 = 
    2 = 
    3 = 
    4 = 
    5 = 
    6 = 
    7 = 
    8 = 
    18 = (float)1.000000e+01
    21 = (double)1.000000e+01
    24 = (long double)10

Process @11
 Dynamic Allocations: 0
 Open Streams: 3
 Open DIRs: 0
 Thread #1 @TT=19
  Function [Index=0]
   Allocas:
    0 =[4]
    1 =[4]
    2 =[8]
    3 =[4]
    4 =[4]
    5 =[4]
    6 =[4]
    7 =[8]
    8 =[16]
   Instruction values [Active=25]:
    0 = 
    1 = 
    2 = 
    3 = 
    4 = 
    5 = 
    6 = 
    7 = 
    8 = 
    18 = (float)1.000000e+01
    21 = (double)1.000000e+01
    24 = (long double)10

Process @12
 Dynamic Allocations: 0
 Open Streams: 3
 Open DIRs: 0
 Thread #1 @TT=24
  Function [Index=0]
   Allocas:
    0 =[4]
    1 =[4]
    2 =[8]
    3 =[4]
    4 =[4]
    5 =[4]
    6 =[4]
    7 =[8]
    8 =[16]
   Instruction values [Active=30]:
    0 = 
    1 = 
    2 = 
    3 = 
    4 = 
    5 = 
    6 = 
    7 = 
    8 = 
    18 = (float)1.000000e+01
    21 = (double)1.000000e+01
    24 = (long double)10
    26 = (int64_t)3, (uint64_t)3
    27 = (int64_t)3, (uint64_t)3
    28 = (int64_t)3, (uint64_t)3
    29 = 
    30 = (int64_t)14, (uint64_t)14

Process @13
 Dynamic Allocations: 0
 Open Streams: 3
 Open DIRs: 0
 Thread #1 @TT=25

Process @12
 Dynamic Allocations: 0
 Open Streams: 3
 Open DIRs: 0
 Thread #1 @TT=24
  Function [Index=0]
   Allocas:
    0 =[4]
    1 =[4]
    2 =[8]
    3 =[4]
    4 =[4]
    5 =[4]
    6 =[4]
    7 =[8]
    8 =[16]
   Instruction values [Active=30]:
    0 = 
    1 = 
    2 = 
    3 = 
    4 = 
    5 = 
    6 = 
    7 = 
    8 = 
    18 = (float)1.000000e+01
    21 = (double)1.000000e+01
    24 = (long double)10
    26 = (int64_t)3, (uint64_t)3
    27 = (int64_t)3, (uint64_t)3
    28 = (int64_t)3, (uint64_t)3
    29 = 
    30 = (int64_t)14, (uint64_t)14

Process @11
 Dynamic Allocations: 0
 Open Streams: 3
 Open DIRs: 0
 Thread #1 @TT=23
  Function [Index=0]
   Allocas:
    0 =[4]
    1 =[4]
    2 =[8]
    3 =[4]
    4 =[4]
    5 =[4]
    6 =[4]
    7 =[8]
    8 =[16]
   Instruction values [Active=29]:
    0 = 
    1 = 
    2 = 
    3 = 
    4 = 
    5 = 
    6 = 
    7 = 
    8 = 
    18 = (float)1.000000e+01
    21 = (double)1.000000e+01
    24 = (long double)10
    26 = (int64_t)3, (uint64_t)3
    27 = (int64_t)3, (uint64_t)3
    28 = (int64_t)3, (uint64_t)3
    29 = 

Process @10
 Dynamic Allocations: 0
 Open Streams: 3
 Open DIRs: 0
 Thread #1 @TT=18
  Function [Index=0]
   Allocas:
    0 =[4]
    1 =[4]
    2 =[8]
    3 =[4]
    4 =[4]
    5 =[4]
    6 =[4]
    7 =[8]
    8 =[16]
   Instruction values [Active=24]:
    0 = 
    1 = 
    2 = 
    3 = 
    4 = 
    5 = 
    6 = 
    7 = 
    8 = 
    18 = (float)1.000000e+01
    21 = (double)1.000000e+01
    24 = (long double)10

Process @9
 Dynamic Allocations: 0
 Open Streams: 3
 Open DIRs: 0
 Thread #1 @TT=17
  Function [Index=0]
   Allocas:
    0 =[4]
    1 =[4]
    2 =[8]
    3 =[4]
    4 =[4]
    5 =[4]
    6 =[4]
    7 =[8]
    8 =[16]
   Instruction values [Active=22]:
    0 = 
    1 = 
    2 = 
    3 = 
    4 = 
    5 = 
    6 = 
    7 = 
    8 = 
    18 = (float)1.000000e+01
    21 = (double)1.000000e+01

Process @8
 Dynamic Allocations: 0
 Open Streams: 3
 Open DIRs: 0
 Thread #1 @TT=16
  Function [Index=0]
   Allocas:
    0 =[4]
    1 =[4]
    2 =[8]
    3 =[4]
    4 =[4]
    5 =[4]
    6 =[4]
    7 =[8]
    8 =[16]
   Instruction values [Active=21]:
    0 = 
    1 = 
    2 = 
    3 = 
    4 = 
    5 = 
    6 = 
    7 = 
    8 = 
    18 = (float)1.000000e+01
    21 = (double)1.000000e+01

Process @7
 Dynamic Allocations: 0
 Open Streams: 3
 Open DIRs: 0
 Thread #1 @TT=15
  Function [Index=0]
   Allocas:
    0 =[4]
    1 =[4]
    2 =[8]
    3 =[4]
    4 =[4]
    5 =[4]
    6 =[4]
    7 =[8]
    8 =[16]
   Instruction values [Active=19]:
    0 = 
    1 = 
    2 = 
    3 = 
    4 = 
    5 = 
    6 = 
    7 = 
    8 = 
    18 = (float)1.000000e+01

Process @6
 Dynamic Allocations: 0
 Open Streams: 3
 Open DIRs: 0
 Thread #1 @TT=14
  Function [Index=0]
   Allocas:
    0 =[4]
    1 =[4]
    2 =[8]
    3 =[4]
    4 =[4]
    5 =[4]
    6 =[4]
    7 =[8]
    8 =[16]
   Instruction values [Active=18]:
    0 = 
    1 = 
    2 = 
    3 = 
    4 = 
    5 = 
    6 = 
    7 = 
    8 = 
    18 = (float)1.000000e+01

Process @5
 Dynamic Allocations: 0
 Open Streams: 3
 Open DIRs: 0
 Thread #1 @TT=13
  Function [Index=0]
   Allocas:
    0 =[4]
    1 =[4]
    2 =[8]
    3 =[4]
    4 =[4]
    5 =[4]
    6 =[4]
    7 =[8]
    8 =[16]
   Instruction values [Active=12]:
    0 = 
    1 = 
    2 = 
    3 = 
    4 = 
    5 = 
    6 = 
    7 = 
    8 = 

Process @4
 Dynamic Allocations: 0
 Open Streams: 3
 Open DIRs: 0
 Thread #1 @TT=12
  Function [Index=0]
   Allocas:
    0 =[4]
    1 =[4]
    2 =[8]
    3 =[4]
    4 =[4]
    5 =[4]
    6 =[4]
    7 =[8]
    8 =[16]
   Instruction values [Active=10]:
    0 = 
    1 = 
    2 = 
    3 = 
    4 = 
    5 = 
    6 = 
    7 = 
    8 = 

Process @3
 Dynamic Allocations: 0
 Open Streams: 3
 Open DIRs: 0
 Thread #1 @TT=11
  Function [Index=0]
   Allocas:
    0 =[4]
    1 =[4]
    2 =[8]
    3 =[4]
    4 =[4]
    5 =[4]
    6 =[4]
    7 =[8]
    8 =[16]
   Instruction values [Active=9]:
    0 = 
    1 = 
    2 = 
    3 = 
    4 = 
    5 = 
    6 = 
    7 = 
    8 = 

Process @2
 Dynamic Allocations: 0
 Open Streams: 3
 Open DIRs: 0
 Thread #1 @TT=10
  Function [Index=0]
   Allocas:
    0 =[4]
    1 =[4]
    2 =[8]
    3 =[4]
    4 =[4]
    5 =[4]
    6 =[4]
    7 =[8]
    8 =[16]
   Instruction values [Active=8]:
    0 = 
    1 = 
    2 = 
    3 = 
    4 = 
    5 = 
    6 = 
    7 = 
    8 = 

Process @0
 Dynamic Allocations: 0
 Open Streams: 3
 Open DIRs: 0
 Thread #1 @TT=0

