Recreating states:
Process @0
 Dynamic Allocations: 0
 Open Streams: 3
 Open DIRs: 0
 Thread #1 @TT=0

Process @2
 Dynamic Allocations: 0
 Open Streams: 3
 Open DIRs: 0
 Thread #1 @TT=1
  Function [Index=3]
   Allocas:
   Instruction values [Active=unassigned]:

Process @3
 Dynamic Allocations: 0
 Open Streams: 3
 Open DIRs: 0
 Thread #1 @TT=6
  Function [Index=3]
   Allocas:
    0 =[1x4]
    1 =[1x4]
    2 =[1x8]
    3 =[1x24]
   Instruction values [Active=4]:
    0 = 
    1 = 
    2 = 
    3 = 

Process @4
 Dynamic Allocations: 0
 Open Streams: 3
 Open DIRs: 0
 Thread #1 @TT=7
  Function [Index=3]
   Allocas:
    0 =[1x4]
    1 =[1x4]
    2 =[1x8]
    3 =[1x24]
   Instruction values [Active=5]:
    0 = 
    1 = 
    2 = 
    3 = 

Process @5
 Dynamic Allocations: 0
 Open Streams: 3
 Open DIRs: 0
 Thread #1 @TT=8
  Function [Index=3]
   Allocas:
    0 =[1x4]
    1 =[1x4]
    2 =[1x8]
    3 =[1x24]
   Instruction values [Active=7]:
    0 = 
    1 = 
    2 = 
    3 = 

Process @6
 Dynamic Allocations: 0
 Open Streams: 3
 Open DIRs: 0
 Thread #1 @TT=10
  Function [Index=3]
   Allocas:
    0 =[1x4]
    1 =[1x4]
    2 =[1x8]
    3 =[1x24]
   Instruction values [Active=10]:
    0 = 
    1 = 
    2 = 
    3 = 
    9 = 

Process @7
 Dynamic Allocations: 0
 Open Streams: 3
 Open DIRs: 0
 Thread #1 @TT=12
  Function [Index=3]
   Allocas:
    0 =[1x4]
    1 =[1x4]
    2 =[1x8]
    3 =[1x24]
   Instruction values [Active=12]:
    0 = 
    1 = 
    2 = 
    3 = 
    9 = 
    11 = 

Process @8
 Dynamic Allocations: 0
 Open Streams: 3
 Open DIRs: 0
 Thread #1 @TT=14
  Function [Index=3]
   Allocas:
    0 =[1x4]
    1 =[1x4]
    2 =[1x8]
    3 =[1x24]
   Instruction values [Active=14]:
    0 = 
    1 = 
    2 = 
    3 = 
    9 = 
    11 = 
    13 = 

Process @9
 Dynamic Allocations: 0
 Open Streams: 3
 Open DIRs: 0
 Thread #1 @TT=16
  Function [Index=3]
   Allocas:
    0 =[1x4]
    1 =[1x4]
    2 =[1x8]
    3 =[1x24]
   Instruction values [Active=15]:
    0 = 
    1 = 
    2 = 
    3 = 
    9 = 
    11 = 
    13 = 
  Function [Index=0]
   Allocas:
   Instruction values [Active=unassigned]:

Process @10
 Dynamic Allocations: 0
 Open Streams: 3
 Open DIRs: 0
 Thread #1 @TT=20
  Function [Index=3]
   Allocas:
    0 =[1x4]
    1 =[1x4]
    2 =[1x8]
    3 =[1x24]
   Instruction values [Active=15]:
    0 = 
    1 = 
    2 = 
    3 = 
    9 = 
    11 = 
    13 = 
  Function [Index=0]
   Allocas:
   Instruction values [Active=4]:
    1 = 
    2 = (int64_t)5, (uint64_t)5
    3 = 
    4 = (int64_t)9, (uint64_t)9

Process @11
 Dynamic Allocations: 0
 Open Streams: 3
 Open DIRs: 0
 Thread #1 @TT=21
  Function [Index=3]
   Allocas:
    0 =[1x4]
    1 =[1x4]
    2 =[1x8]
    3 =[1x24]
   Instruction values [Active=15]:
    0 = 
    1 = 
    2 = 
    3 = 
    9 = 
    11 = 
    13 = 

Process @12
 Dynamic Allocations: 0
 Open Streams: 3
 Open DIRs: 0
 Thread #1 @TT=23

Process @11
 Dynamic Allocations: 0
 Open Streams: 3
 Open DIRs: 0
 Thread #1 @TT=22
  Function [Index=3]
   Allocas:
    0 =[1x4]
    1 =[1x4]
    2 =[1x8]
    3 =[1x24]
   Instruction values [Active=15]:
    0 = 
    1 = 
    2 = 
    3 = 
    9 = 
    11 = 
    13 = 

Process @10
 Dynamic Allocations: 0
 Open Streams: 3
 Open DIRs: 0
 Thread #1 @TT=20
  Function [Index=3]
   Allocas:
    0 =[1x4]
    1 =[1x4]
    2 =[1x8]
    3 =[1x24]
   Instruction values [Active=15]:
    0 = 
    1 = 
    2 = 
    3 = 
    9 = 
    11 = 
    13 = 
  Function [Index=0]
   Allocas:
   Instruction values [Active=4]:
    1 = 
    2 = (int64_t)5, (uint64_t)5
    3 = 
    4 = (int64_t)9, (uint64_t)9

Process @9
 Dynamic Allocations: 0
 Open Streams: 3
 Open DIRs: 0
 Thread #1 @TT=19
  Function [Index=3]
   Allocas:
    0 =[1x4]
    1 =[1x4]
    2 =[1x8]
    3 =[1x24]
   Instruction values [Active=15]:
    0 = 
    1 = 
    2 = 
    3 = 
    9 = 
    11 = 
    13 = 
  Function [Index=0]
   Allocas:
   Instruction values [Active=3]:
    1 = 
    2 = (int64_t)5, (uint64_t)5
    3 = 

Process @8
 Dynamic Allocations: 0
 Open Streams: 3
 Open DIRs: 0
 Thread #1 @TT=15
  Function [Index=3]
   Allocas:
    0 =[1x4]
    1 =[1x4]
    2 =[1x8]
    3 =[1x24]
   Instruction values [Active=15]:
    0 = 
    1 = 
    2 = 
    3 = 
    9 = 
    11 = 
    13 = 

Process @7
 Dynamic Allocations: 0
 Open Streams: 3
 Open DIRs: 0
 Thread #1 @TT=13
  Function [Index=3]
   Allocas:
    0 =[1x4]
    1 =[1x4]
    2 =[1x8]
    3 =[1x24]
   Instruction values [Active=13]:
    0 = 
    1 = 
    2 = 
    3 = 
    9 = 
    11 = 
    13 = 

Process @6
 Dynamic Allocations: 0
 Open Streams: 3
 Open DIRs: 0
 Thread #1 @TT=11
  Function [Index=3]
   Allocas:
    0 =[1x4]
    1 =[1x4]
    2 =[1x8]
    3 =[1x24]
   Instruction values [Active=11]:
    0 = 
    1 = 
    2 = 
    3 = 
    9 = 
    11 = 

Process @5
 Dynamic Allocations: 0
 Open Streams: 3
 Open DIRs: 0
 Thread #1 @TT=9
  Function [Index=3]
   Allocas:
    0 =[1x4]
    1 =[1x4]
    2 =[1x8]
    3 =[1x24]
   Instruction values [Active=9]:
    0 = 
    1 = 
    2 = 
    3 = 
    9 = 

Process @4
 Dynamic Allocations: 0
 Open Streams: 3
 Open DIRs: 0
 Thread #1 @TT=7
  Function [Index=3]
   Allocas:
    0 =[1x4]
    1 =[1x4]
    2 =[1x8]
    3 =[1x24]
   Instruction values [Active=5]:
    0 = 
    1 = 
    2 = 
    3 = 

Process @3
 Dynamic Allocations: 0
 Open Streams: 3
 Open DIRs: 0
 Thread #1 @TT=6
  Function [Index=3]
   Allocas:
    0 =[1x4]
    1 =[1x4]
    2 =[1x8]
    3 =[1x24]
   Instruction values [Active=4]:
    0 = 
    1 = 
    2 = 
    3 = 

Process @2
 Dynamic Allocations: 0
 Open Streams: 3
 Open DIRs: 0
 Thread #1 @TT=5
  Function [Index=3]
   Allocas:
    0 =[1x4]
    1 =[1x4]
    2 =[1x8]
    3 =[1x24]
   Instruction values [Active=3]:
    0 = 
    1 = 
    2 = 
    3 = 

Process @0
 Dynamic Allocations: 0
 Open Streams: 3
 Open DIRs: 0
 Thread #1 @TT=0

