Recreating states:
Process @0
 Dynamic Allocations: 0
 Open Streams: 3
 Open DIRs: 0
 Thread #1 @TT=0

Process @2
 Dynamic Allocations: 0
 Open Streams: 3
 Open DIRs: 0
 Thread #1 @TT=1
  Function [Index=2]
   Allocas:
   Instruction values [Active=unassigned]:

Process @3
 Dynamic Allocations: 0
 Open Streams: 3
 Open DIRs: 0
 Thread #1 @TT=11
  Function [Index=2]
   Allocas:
    0 =[4]
    1 =[4]
    2 =[8]
    3 =[16]
    4 =[16]
    5 =[16]
    6 =[16]
    7 =[16]
    8 =[16]
   Instruction values [Active=9]:
    0 = 
    1 = 
    2 = 
    3 = 
    4 = 
    5 = 
    6 = 
    7 = 
    8 = 

Process @4
 Dynamic Allocations: 0
 Open Streams: 3
 Open DIRs: 0
 Thread #1 @TT=12
  Function [Index=2]
   Allocas:
    0 =[4]
    1 =[4]
    2 =[8]
    3 =[16]
    4 =[16]
    5 =[16]
    6 =[16]
    7 =[16]
    8 =[16]
   Instruction values [Active=10]:
    0 = 
    1 = 
    2 = 
    3 = 
    4 = 
    5 = 
    6 = 
    7 = 
    8 = 

Process @5
 Dynamic Allocations: 0
 Open Streams: 3
 Open DIRs: 0
 Thread #1 @TT=13
  Function [Index=2]
   Allocas:
    0 =[4]
    1 =[4]
    2 =[8]
    3 =[16]
    4 =[16]
    5 =[16]
    6 =[16]
    7 =[16]
    8 =[16]
   Instruction values [Active=12]:
    0 = 
    1 = 
    2 = 
    3 = 
    4 = 
    5 = 
    6 = 
    7 = 
    8 = 

Process @6
 Dynamic Allocations: 0
 Open Streams: 3
 Open DIRs: 0
 Thread #1 @TT=14
  Function [Index=2]
   Allocas:
    0 =[4]
    1 =[4]
    2 =[8]
    3 =[16]
    4 =[16]
    5 =[16]
    6 =[16]
    7 =[16]
    8 =[16]
   Instruction values [Active=15]:
    0 = 
    1 = 
    2 = 
    3 = 
    4 = 
    5 = 
    6 = 
    7 = 
    8 = 

Process @7
 Dynamic Allocations: 0
 Open Streams: 3
 Open DIRs: 0
 Thread #1 @TT=19
  Function [Index=2]
   Allocas:
    0 =[4]
    1 =[4]
    2 =[8]
    3 =[16]
    4 =[16]
    5 =[16]
    6 =[16]
    7 =[16]
    8 =[16]
   Instruction values [Active=17]:
    0 = 
    1 = 
    2 = 
    3 = 
    4 = 
    5 = 
    6 = 
    7 = 
    8 = 
  Function [Index=0]
   Allocas:
    0 =[16]
    1 =[16]
   Instruction values [Active=2]:
    0 = 
    1 = 

Process @8
 Dynamic Allocations: 0
 Open Streams: 3
 Open DIRs: 0
 Thread #1 @TT=21
  Function [Index=2]
   Allocas:
    0 =[4]
    1 =[4]
    2 =[8]
    3 =[16]
    4 =[16]
    5 =[16]
    6 =[16]
    7 =[16]
    8 =[16]
   Instruction values [Active=17]:
    0 = 
    1 = 
    2 = 
    3 = 
    4 = 
    5 = 
    6 = 
    7 = 
    8 = 
  Function [Index=0]
   Allocas:
    0 =[16]
    1 =[16]
   Instruction values [Active=6]:
    0 = 
    1 = 
    5 = (long double)0

Process @9
 Dynamic Allocations: 0
 Open Streams: 3
 Open DIRs: 0
 Thread #1 @TT=23
  Function [Index=2]
   Allocas:
    0 =[4]
    1 =[4]
    2 =[8]
    3 =[16]
    4 =[16]
    5 =[16]
    6 =[16]
    7 =[16]
    8 =[16]
   Instruction values [Active=17]:
    0 = 
    1 = 
    2 = 
    3 = 
    4 = 
    5 = 
    6 = 
    7 = 
    8 = 

Process @10
 Dynamic Allocations: 0
 Open Streams: 3
 Open DIRs: 0
 Thread #1 @TT=25
  Function [Index=2]
   Allocas:
    0 =[4]
    1 =[4]
    2 =[8]
    3 =[16]
    4 =[16]
    5 =[16]
    6 =[16]
    7 =[16]
    8 =[16]
   Instruction values [Active=18]:
    0 = 
    1 = 
    2 = 
    3 = 
    4 = 
    5 = 
    6 = 
    7 = 
    8 = 
    17 = (long double)0

Process @11
 Dynamic Allocations: 0
 Open Streams: 3
 Open DIRs: 0
 Thread #1 @TT=26
  Function [Index=2]
   Allocas:
    0 =[4]
    1 =[4]
    2 =[8]
    3 =[16]
    4 =[16]
    5 =[16]
    6 =[16]
    7 =[16]
    8 =[16]
   Instruction values [Active=20]:
    0 = 
    1 = 
    2 = 
    3 = 
    4 = 
    5 = 
    6 = 
    7 = 
    8 = 
    17 = (long double)0

Process @12
 Dynamic Allocations: 0
 Open Streams: 3
 Open DIRs: 0
 Thread #1 @TT=31
  Function [Index=2]
   Allocas:
    0 =[4]
    1 =[4]
    2 =[8]
    3 =[16]
    4 =[16]
    5 =[16]
    6 =[16]
    7 =[16]
    8 =[16]
   Instruction values [Active=22]:
    0 = 
    1 = 
    2 = 
    3 = 
    4 = 
    5 = 
    6 = 
    7 = 
    8 = 
    17 = (long double)0
  Function [Index=0]
   Allocas:
    0 =[16]
    1 =[16]
   Instruction values [Active=2]:
    0 = 
    1 = 

Process @13
 Dynamic Allocations: 0
 Open Streams: 3
 Open DIRs: 0
 Thread #1 @TT=33
  Function [Index=2]
   Allocas:
    0 =[4]
    1 =[4]
    2 =[8]
    3 =[16]
    4 =[16]
    5 =[16]
    6 =[16]
    7 =[16]
    8 =[16]
   Instruction values [Active=22]:
    0 = 
    1 = 
    2 = 
    3 = 
    4 = 
    5 = 
    6 = 
    7 = 
    8 = 
    17 = (long double)0
  Function [Index=0]
   Allocas:
    0 =[16]
    1 =[16]
   Instruction values [Active=6]:
    0 = 
    1 = 
    5 = (long double)3.14159265358979323851

Process @14
 Dynamic Allocations: 0
 Open Streams: 3
 Open DIRs: 0
 Thread #1 @TT=35
  Function [Index=2]
   Allocas:
    0 =[4]
    1 =[4]
    2 =[8]
    3 =[16]
    4 =[16]
    5 =[16]
    6 =[16]
    7 =[16]
    8 =[16]
   Instruction values [Active=22]:
    0 = 
    1 = 
    2 = 
    3 = 
    4 = 
    5 = 
    6 = 
    7 = 
    8 = 
    17 = (long double)0

Process @15
 Dynamic Allocations: 0
 Open Streams: 3
 Open DIRs: 0
 Thread #1 @TT=37
  Function [Index=2]
   Allocas:
    0 =[4]
    1 =[4]
    2 =[8]
    3 =[16]
    4 =[16]
    5 =[16]
    6 =[16]
    7 =[16]
    8 =[16]
   Instruction values [Active=23]:
    0 = 
    1 = 
    2 = 
    3 = 
    4 = 
    5 = 
    6 = 
    7 = 
    8 = 
    17 = (long double)0
    22 = (long double)3.14159265358979323851

Process @16
 Dynamic Allocations: 0
 Open Streams: 3
 Open DIRs: 0
 Thread #1 @TT=38
  Function [Index=2]
   Allocas:
    0 =[4]
    1 =[4]
    2 =[8]
    3 =[16]
    4 =[16]
    5 =[16]
    6 =[16]
    7 =[16]
    8 =[16]
   Instruction values [Active=25]:
    0 = 
    1 = 
    2 = 
    3 = 
    4 = 
    5 = 
    6 = 
    7 = 
    8 = 
    17 = (long double)0
    22 = (long double)3.14159265358979323851

Process @17
 Dynamic Allocations: 0
 Open Streams: 3
 Open DIRs: 0
 Thread #1 @TT=43
  Function [Index=2]
   Allocas:
    0 =[4]
    1 =[4]
    2 =[8]
    3 =[16]
    4 =[16]
    5 =[16]
    6 =[16]
    7 =[16]
    8 =[16]
   Instruction values [Active=27]:
    0 = 
    1 = 
    2 = 
    3 = 
    4 = 
    5 = 
    6 = 
    7 = 
    8 = 
    17 = (long double)0
    22 = (long double)3.14159265358979323851
  Function [Index=0]
   Allocas:
    0 =[16]
    1 =[16]
   Instruction values [Active=2]:
    0 = 
    1 = 

Process @18
 Dynamic Allocations: 0
 Open Streams: 3
 Open DIRs: 0
 Thread #1 @TT=45
  Function [Index=2]
   Allocas:
    0 =[4]
    1 =[4]
    2 =[8]
    3 =[16]
    4 =[16]
    5 =[16]
    6 =[16]
    7 =[16]
    8 =[16]
   Instruction values [Active=27]:
    0 = 
    1 = 
    2 = 
    3 = 
    4 = 
    5 = 
    6 = 
    7 = 
    8 = 
    17 = (long double)0
    22 = (long double)3.14159265358979323851
  Function [Index=0]
   Allocas:
    0 =[16]
    1 =[16]
   Instruction values [Active=6]:
    0 = 
    1 = 
    5 = (long double)-3.14159265358979323851

Process @19
 Dynamic Allocations: 0
 Open Streams: 3
 Open DIRs: 0
 Thread #1 @TT=47
  Function [Index=2]
   Allocas:
    0 =[4]
    1 =[4]
    2 =[8]
    3 =[16]
    4 =[16]
    5 =[16]
    6 =[16]
    7 =[16]
    8 =[16]
   Instruction values [Active=27]:
    0 = 
    1 = 
    2 = 
    3 = 
    4 = 
    5 = 
    6 = 
    7 = 
    8 = 
    17 = (long double)0
    22 = (long double)3.14159265358979323851

Process @20
 Dynamic Allocations: 0
 Open Streams: 3
 Open DIRs: 0
 Thread #1 @TT=49
  Function [Index=2]
   Allocas:
    0 =[4]
    1 =[4]
    2 =[8]
    3 =[16]
    4 =[16]
    5 =[16]
    6 =[16]
    7 =[16]
    8 =[16]
   Instruction values [Active=28]:
    0 = 
    1 = 
    2 = 
    3 = 
    4 = 
    5 = 
    6 = 
    7 = 
    8 = 
    17 = (long double)0
    22 = (long double)3.14159265358979323851
    27 = (long double)-3.14159265358979323851

Process @21
 Dynamic Allocations: 0
 Open Streams: 3
 Open DIRs: 0
 Thread #1 @TT=50

Process @20
 Dynamic Allocations: 0
 Open Streams: 3
 Open DIRs: 0
 Thread #1 @TT=49
  Function [Index=2]
   Allocas:
    0 =[4]
    1 =[4]
    2 =[8]
    3 =[16]
    4 =[16]
    5 =[16]
    6 =[16]
    7 =[16]
    8 =[16]
   Instruction values [Active=28]:
    0 = 
    1 = 
    2 = 
    3 = 
    4 = 
    5 = 
    6 = 
    7 = 
    8 = 
    17 = (long double)0
    22 = (long double)3.14159265358979323851
    27 = (long double)-3.14159265358979323851

Process @19
 Dynamic Allocations: 0
 Open Streams: 3
 Open DIRs: 0
 Thread #1 @TT=48
  Function [Index=2]
   Allocas:
    0 =[4]
    1 =[4]
    2 =[8]
    3 =[16]
    4 =[16]
    5 =[16]
    6 =[16]
    7 =[16]
    8 =[16]
   Instruction values [Active=27]:
    0 = 
    1 = 
    2 = 
    3 = 
    4 = 
    5 = 
    6 = 
    7 = 
    8 = 
    17 = (long double)0
    22 = (long double)3.14159265358979323851
    27 = (long double)-3.14159265358979323851

Process @18
 Dynamic Allocations: 0
 Open Streams: 3
 Open DIRs: 0
 Thread #1 @TT=46
  Function [Index=2]
   Allocas:
    0 =[4]
    1 =[4]
    2 =[8]
    3 =[16]
    4 =[16]
    5 =[16]
    6 =[16]
    7 =[16]
    8 =[16]
   Instruction values [Active=27]:
    0 = 
    1 = 
    2 = 
    3 = 
    4 = 
    5 = 
    6 = 
    7 = 
    8 = 
    17 = (long double)0
    22 = (long double)3.14159265358979323851
  Function [Index=0]
   Allocas:
    0 =[16]
    1 =[16]
   Instruction values [Active=7]:
    0 = 
    1 = 
    5 = (long double)-3.14159265358979323851
    7 = (long double)-3.14159265358979323851

Process @17
 Dynamic Allocations: 0
 Open Streams: 3
 Open DIRs: 0
 Thread #1 @TT=44
  Function [Index=2]
   Allocas:
    0 =[4]
    1 =[4]
    2 =[8]
    3 =[16]
    4 =[16]
    5 =[16]
    6 =[16]
    7 =[16]
    8 =[16]
   Instruction values [Active=27]:
    0 = 
    1 = 
    2 = 
    3 = 
    4 = 
    5 = 
    6 = 
    7 = 
    8 = 
    17 = (long double)0
    22 = (long double)3.14159265358979323851
  Function [Index=0]
   Allocas:
    0 =[16]
    1 =[16]
   Instruction values [Active=5]:
    0 = 
    1 = 
    5 = (long double)-3.14159265358979323851

Process @16
 Dynamic Allocations: 0
 Open Streams: 3
 Open DIRs: 0
 Thread #1 @TT=42
  Function [Index=2]
   Allocas:
    0 =[4]
    1 =[4]
    2 =[8]
    3 =[16]
    4 =[16]
    5 =[16]
    6 =[16]
    7 =[16]
    8 =[16]
   Instruction values [Active=27]:
    0 = 
    1 = 
    2 = 
    3 = 
    4 = 
    5 = 
    6 = 
    7 = 
    8 = 
    17 = (long double)0
    22 = (long double)3.14159265358979323851
  Function [Index=0]
   Allocas:
    0 =[16]
    1 =[16]
   Instruction values [Active=1]:
    0 = 
    1 = 

Process @15
 Dynamic Allocations: 0
 Open Streams: 3
 Open DIRs: 0
 Thread #1 @TT=37
  Function [Index=2]
   Allocas:
    0 =[4]
    1 =[4]
    2 =[8]
    3 =[16]
    4 =[16]
    5 =[16]
    6 =[16]
    7 =[16]
    8 =[16]
   Instruction values [Active=23]:
    0 = 
    1 = 
    2 = 
    3 = 
    4 = 
    5 = 
    6 = 
    7 = 
    8 = 
    17 = (long double)0
    22 = (long double)3.14159265358979323851

Process @14
 Dynamic Allocations: 0
 Open Streams: 3
 Open DIRs: 0
 Thread #1 @TT=36
  Function [Index=2]
   Allocas:
    0 =[4]
    1 =[4]
    2 =[8]
    3 =[16]
    4 =[16]
    5 =[16]
    6 =[16]
    7 =[16]
    8 =[16]
   Instruction values [Active=22]:
    0 = 
    1 = 
    2 = 
    3 = 
    4 = 
    5 = 
    6 = 
    7 = 
    8 = 
    17 = (long double)0
    22 = (long double)3.14159265358979323851

Process @13
 Dynamic Allocations: 0
 Open Streams: 3
 Open DIRs: 0
 Thread #1 @TT=34
  Function [Index=2]
   Allocas:
    0 =[4]
    1 =[4]
    2 =[8]
    3 =[16]
    4 =[16]
    5 =[16]
    6 =[16]
    7 =[16]
    8 =[16]
   Instruction values [Active=22]:
    0 = 
    1 = 
    2 = 
    3 = 
    4 = 
    5 = 
    6 = 
    7 = 
    8 = 
    17 = (long double)0
  Function [Index=0]
   Allocas:
    0 =[16]
    1 =[16]
   Instruction values [Active=7]:
    0 = 
    1 = 
    5 = (long double)3.14159265358979323851
    7 = (long double)3.14159265358979323851

Process @12
 Dynamic Allocations: 0
 Open Streams: 3
 Open DIRs: 0
 Thread #1 @TT=32
  Function [Index=2]
   Allocas:
    0 =[4]
    1 =[4]
    2 =[8]
    3 =[16]
    4 =[16]
    5 =[16]
    6 =[16]
    7 =[16]
    8 =[16]
   Instruction values [Active=22]:
    0 = 
    1 = 
    2 = 
    3 = 
    4 = 
    5 = 
    6 = 
    7 = 
    8 = 
    17 = (long double)0
  Function [Index=0]
   Allocas:
    0 =[16]
    1 =[16]
   Instruction values [Active=5]:
    0 = 
    1 = 
    5 = (long double)3.14159265358979323851

Process @11
 Dynamic Allocations: 0
 Open Streams: 3
 Open DIRs: 0
 Thread #1 @TT=30
  Function [Index=2]
   Allocas:
    0 =[4]
    1 =[4]
    2 =[8]
    3 =[16]
    4 =[16]
    5 =[16]
    6 =[16]
    7 =[16]
    8 =[16]
   Instruction values [Active=22]:
    0 = 
    1 = 
    2 = 
    3 = 
    4 = 
    5 = 
    6 = 
    7 = 
    8 = 
    17 = (long double)0
  Function [Index=0]
   Allocas:
    0 =[16]
    1 =[16]
   Instruction values [Active=1]:
    0 = 
    1 = 

Process @10
 Dynamic Allocations: 0
 Open Streams: 3
 Open DIRs: 0
 Thread #1 @TT=25
  Function [Index=2]
   Allocas:
    0 =[4]
    1 =[4]
    2 =[8]
    3 =[16]
    4 =[16]
    5 =[16]
    6 =[16]
    7 =[16]
    8 =[16]
   Instruction values [Active=18]:
    0 = 
    1 = 
    2 = 
    3 = 
    4 = 
    5 = 
    6 = 
    7 = 
    8 = 
    17 = (long double)0

Process @9
 Dynamic Allocations: 0
 Open Streams: 3
 Open DIRs: 0
 Thread #1 @TT=24
  Function [Index=2]
   Allocas:
    0 =[4]
    1 =[4]
    2 =[8]
    3 =[16]
    4 =[16]
    5 =[16]
    6 =[16]
    7 =[16]
    8 =[16]
   Instruction values [Active=17]:
    0 = 
    1 = 
    2 = 
    3 = 
    4 = 
    5 = 
    6 = 
    7 = 
    8 = 
    17 = (long double)0

Process @8
 Dynamic Allocations: 0
 Open Streams: 3
 Open DIRs: 0
 Thread #1 @TT=22
  Function [Index=2]
   Allocas:
    0 =[4]
    1 =[4]
    2 =[8]
    3 =[16]
    4 =[16]
    5 =[16]
    6 =[16]
    7 =[16]
    8 =[16]
   Instruction values [Active=17]:
    0 = 
    1 = 
    2 = 
    3 = 
    4 = 
    5 = 
    6 = 
    7 = 
    8 = 
  Function [Index=0]
   Allocas:
    0 =[16]
    1 =[16]
   Instruction values [Active=7]:
    0 = 
    1 = 
    5 = (long double)0
    7 = (long double)0

Process @7
 Dynamic Allocations: 0
 Open Streams: 3
 Open DIRs: 0
 Thread #1 @TT=20
  Function [Index=2]
   Allocas:
    0 =[4]
    1 =[4]
    2 =[8]
    3 =[16]
    4 =[16]
    5 =[16]
    6 =[16]
    7 =[16]
    8 =[16]
   Instruction values [Active=17]:
    0 = 
    1 = 
    2 = 
    3 = 
    4 = 
    5 = 
    6 = 
    7 = 
    8 = 
  Function [Index=0]
   Allocas:
    0 =[16]
    1 =[16]
   Instruction values [Active=5]:
    0 = 
    1 = 
    5 = (long double)0

Process @6
 Dynamic Allocations: 0
 Open Streams: 3
 Open DIRs: 0
 Thread #1 @TT=18
  Function [Index=2]
   Allocas:
    0 =[4]
    1 =[4]
    2 =[8]
    3 =[16]
    4 =[16]
    5 =[16]
    6 =[16]
    7 =[16]
    8 =[16]
   Instruction values [Active=17]:
    0 = 
    1 = 
    2 = 
    3 = 
    4 = 
    5 = 
    6 = 
    7 = 
    8 = 
  Function [Index=0]
   Allocas:
    0 =[16]
    1 =[16]
   Instruction values [Active=1]:
    0 = 
    1 = 

Process @5
 Dynamic Allocations: 0
 Open Streams: 3
 Open DIRs: 0
 Thread #1 @TT=13
  Function [Index=2]
   Allocas:
    0 =[4]
    1 =[4]
    2 =[8]
    3 =[16]
    4 =[16]
    5 =[16]
    6 =[16]
    7 =[16]
    8 =[16]
   Instruction values [Active=12]:
    0 = 
    1 = 
    2 = 
    3 = 
    4 = 
    5 = 
    6 = 
    7 = 
    8 = 

Process @4
 Dynamic Allocations: 0
 Open Streams: 3
 Open DIRs: 0
 Thread #1 @TT=12
  Function [Index=2]
   Allocas:
    0 =[4]
    1 =[4]
    2 =[8]
    3 =[16]
    4 =[16]
    5 =[16]
    6 =[16]
    7 =[16]
    8 =[16]
   Instruction values [Active=10]:
    0 = 
    1 = 
    2 = 
    3 = 
    4 = 
    5 = 
    6 = 
    7 = 
    8 = 

Process @3
 Dynamic Allocations: 0
 Open Streams: 3
 Open DIRs: 0
 Thread #1 @TT=11
  Function [Index=2]
   Allocas:
    0 =[4]
    1 =[4]
    2 =[8]
    3 =[16]
    4 =[16]
    5 =[16]
    6 =[16]
    7 =[16]
    8 =[16]
   Instruction values [Active=9]:
    0 = 
    1 = 
    2 = 
    3 = 
    4 = 
    5 = 
    6 = 
    7 = 
    8 = 

Process @2
 Dynamic Allocations: 0
 Open Streams: 3
 Open DIRs: 0
 Thread #1 @TT=10
  Function [Index=2]
   Allocas:
    0 =[4]
    1 =[4]
    2 =[8]
    3 =[16]
    4 =[16]
    5 =[16]
    6 =[16]
    7 =[16]
    8 =[16]
   Instruction values [Active=8]:
    0 = 
    1 = 
    2 = 
    3 = 
    4 = 
    5 = 
    6 = 
    7 = 
    8 = 

Process @0
 Dynamic Allocations: 0
 Open Streams: 3
 Open DIRs: 0
 Thread #1 @TT=0

