Recreating states:
Process @0
 Dynamic Allocations: 0
 Open Streams: 3
 Open DIRs: 0
 Thread #1 @TT=0

Process @2
 Dynamic Allocations: 0
 Open Streams: 3
 Open DIRs: 0
 Thread #1 @TT=1
  Function [Index=0]
   Allocas:
   Instruction values [Active=unassigned]:

Process @3
 Dynamic Allocations: 0
 Open Streams: 3
 Open DIRs: 0
 Thread #1 @TT=8
  Function [Index=0]
   Allocas:
    0 =[1x4]
    1 =[1x4]
    2 =[1x8]
    3 =[1x16]
    4 =[1x16]
    5 =[1x16]
   Instruction values [Active=6]:
    0 = 
    1 = 
    2 = 
    3 = 
    4 = 
    5 = 

Process @4
 Dynamic Allocations: 0
 Open Streams: 3
 Open DIRs: 0
 Thread #1 @TT=9
  Function [Index=0]
   Allocas:
    0 =[1x4]
    1 =[1x4]
    2 =[1x8]
    3 =[1x16]
    4 =[1x16]
    5 =[1x16]
   Instruction values [Active=7]:
    0 = 
    1 = 
    2 = 
    3 = 
    4 = 
    5 = 

Process @5
 Dynamic Allocations: 0
 Open Streams: 3
 Open DIRs: 0
 Thread #1 @TT=10
  Function [Index=0]
   Allocas:
    0 =[1x4]
    1 =[1x4]
    2 =[1x8]
    3 =[1x16]
    4 =[1x16]
    5 =[1x16]
   Instruction values [Active=9]:
    0 = 
    1 = 
    2 = 
    3 = 
    4 = 
    5 = 

Process @6
 Dynamic Allocations: 0
 Open Streams: 3
 Open DIRs: 0
 Thread #1 @TT=11
  Function [Index=0]
   Allocas:
    0 =[1x4]
    1 =[1x4]
    2 =[1x8]
    3 =[1x16]
    4 =[1x16]
    5 =[1x16]
   Instruction values [Active=12]:
    0 = 
    1 = 
    2 = 
    3 = 
    4 = 
    5 = 

Process @7
 Dynamic Allocations: 0
 Open Streams: 3
 Open DIRs: 0
 Thread #1 @TT=13
  Function [Index=0]
   Allocas:
    0 =[1x4]
    1 =[1x4]
    2 =[1x8]
    3 =[1x16]
    4 =[1x16]
    5 =[1x16]
   Instruction values [Active=14]:
    0 = 
    1 = 
    2 = 
    3 = 
    4 = 
    5 = 
    13 = 
    14 = (int64_t)9, (uint64_t)9

Process @8
 Dynamic Allocations: 0
 Open Streams: 3
 Open DIRs: 0
 Thread #1 @TT=14
  Function [Index=0]
   Allocas:
    0 =[1x4]
    1 =[1x4]
    2 =[1x8]
    3 =[1x16]
    4 =[1x16]
    5 =[1x16]
   Instruction values [Active=16]:
    0 = 
    1 = 
    2 = 
    3 = 
    4 = 
    5 = 
    13 = 
    14 = (int64_t)9, (uint64_t)9

Process @9
 Dynamic Allocations: 0
 Open Streams: 3
 Open DIRs: 0
 Thread #1 @TT=16
  Function [Index=0]
   Allocas:
    0 =[1x4]
    1 =[1x4]
    2 =[1x8]
    3 =[1x16]
    4 =[1x16]
    5 =[1x16]
   Instruction values [Active=18]:
    0 = 
    1 = 
    2 = 
    3 = 
    4 = 
    5 = 
    13 = 
    14 = (int64_t)9, (uint64_t)9
    17 = 
    18 = (int64_t)9, (uint64_t)9

Process @10
 Dynamic Allocations: 0
 Open Streams: 3
 Open DIRs: 0
 Thread #1 @TT=17
  Function [Index=0]
   Allocas:
    0 =[1x4]
    1 =[1x4]
    2 =[1x8]
    3 =[1x16]
    4 =[1x16]
    5 =[1x16]
   Instruction values [Active=20]:
    0 = 
    1 = 
    2 = 
    3 = 
    4 = 
    5 = 
    13 = 
    14 = (int64_t)9, (uint64_t)9
    17 = 
    18 = (int64_t)9, (uint64_t)9

Process @11
 Dynamic Allocations: 0
 Open Streams: 3
 Open DIRs: 0
 Thread #1 @TT=19
  Function [Index=0]
   Allocas:
    0 =[1x4]
    1 =[1x4]
    2 =[1x8]
    3 =[1x16]
    4 =[1x16]
    5 =[1x16]
   Instruction values [Active=22]:
    0 = 
    1 = 
    2 = 
    3 = 
    4 = 
    5 = 
    13 = 
    14 = (int64_t)9, (uint64_t)9
    17 = 
    18 = (int64_t)9, (uint64_t)9
    21 = 
    22 = (int64_t)10, (uint64_t)10

Process @12
 Dynamic Allocations: 0
 Open Streams: 3
 Open DIRs: 0
 Thread #1 @TT=20

Process @11
 Dynamic Allocations: 0
 Open Streams: 3
 Open DIRs: 0
 Thread #1 @TT=19
  Function [Index=0]
   Allocas:
    0 =[1x4]
    1 =[1x4]
    2 =[1x8]
    3 =[1x16]
    4 =[1x16]
    5 =[1x16]
   Instruction values [Active=22]:
    0 = 
    1 = 
    2 = 
    3 = 
    4 = 
    5 = 
    13 = 
    14 = (int64_t)9, (uint64_t)9
    17 = 
    18 = (int64_t)9, (uint64_t)9
    21 = 
    22 = (int64_t)10, (uint64_t)10

Process @10
 Dynamic Allocations: 0
 Open Streams: 3
 Open DIRs: 0
 Thread #1 @TT=18
  Function [Index=0]
   Allocas:
    0 =[1x4]
    1 =[1x4]
    2 =[1x8]
    3 =[1x16]
    4 =[1x16]
    5 =[1x16]
   Instruction values [Active=21]:
    0 = 
    1 = 
    2 = 
    3 = 
    4 = 
    5 = 
    13 = 
    14 = (int64_t)9, (uint64_t)9
    17 = 
    18 = (int64_t)9, (uint64_t)9
    21 = 

Process @9
 Dynamic Allocations: 0
 Open Streams: 3
 Open DIRs: 0
 Thread #1 @TT=16
  Function [Index=0]
   Allocas:
    0 =[1x4]
    1 =[1x4]
    2 =[1x8]
    3 =[1x16]
    4 =[1x16]
    5 =[1x16]
   Instruction values [Active=18]:
    0 = 
    1 = 
    2 = 
    3 = 
    4 = 
    5 = 
    13 = 
    14 = (int64_t)9, (uint64_t)9
    17 = 
    18 = (int64_t)9, (uint64_t)9

Process @8
 Dynamic Allocations: 0
 Open Streams: 3
 Open DIRs: 0
 Thread #1 @TT=15
  Function [Index=0]
   Allocas:
    0 =[1x4]
    1 =[1x4]
    2 =[1x8]
    3 =[1x16]
    4 =[1x16]
    5 =[1x16]
   Instruction values [Active=17]:
    0 = 
    1 = 
    2 = 
    3 = 
    4 = 
    5 = 
    13 = 
    14 = (int64_t)9, (uint64_t)9
    17 = 

Process @7
 Dynamic Allocations: 0
 Open Streams: 3
 Open DIRs: 0
 Thread #1 @TT=13
  Function [Index=0]
   Allocas:
    0 =[1x4]
    1 =[1x4]
    2 =[1x8]
    3 =[1x16]
    4 =[1x16]
    5 =[1x16]
   Instruction values [Active=14]:
    0 = 
    1 = 
    2 = 
    3 = 
    4 = 
    5 = 
    13 = 
    14 = (int64_t)9, (uint64_t)9

Process @6
 Dynamic Allocations: 0
 Open Streams: 3
 Open DIRs: 0
 Thread #1 @TT=12
  Function [Index=0]
   Allocas:
    0 =[1x4]
    1 =[1x4]
    2 =[1x8]
    3 =[1x16]
    4 =[1x16]
    5 =[1x16]
   Instruction values [Active=13]:
    0 = 
    1 = 
    2 = 
    3 = 
    4 = 
    5 = 
    13 = 

Process @5
 Dynamic Allocations: 0
 Open Streams: 3
 Open DIRs: 0
 Thread #1 @TT=10
  Function [Index=0]
   Allocas:
    0 =[1x4]
    1 =[1x4]
    2 =[1x8]
    3 =[1x16]
    4 =[1x16]
    5 =[1x16]
   Instruction values [Active=9]:
    0 = 
    1 = 
    2 = 
    3 = 
    4 = 
    5 = 

Process @4
 Dynamic Allocations: 0
 Open Streams: 3
 Open DIRs: 0
 Thread #1 @TT=9
  Function [Index=0]
   Allocas:
    0 =[1x4]
    1 =[1x4]
    2 =[1x8]
    3 =[1x16]
    4 =[1x16]
    5 =[1x16]
   Instruction values [Active=7]:
    0 = 
    1 = 
    2 = 
    3 = 
    4 = 
    5 = 

Process @3
 Dynamic Allocations: 0
 Open Streams: 3
 Open DIRs: 0
 Thread #1 @TT=8
  Function [Index=0]
   Allocas:
    0 =[1x4]
    1 =[1x4]
    2 =[1x8]
    3 =[1x16]
    4 =[1x16]
    5 =[1x16]
   Instruction values [Active=6]:
    0 = 
    1 = 
    2 = 
    3 = 
    4 = 
    5 = 

Process @2
 Dynamic Allocations: 0
 Open Streams: 3
 Open DIRs: 0
 Thread #1 @TT=7
  Function [Index=0]
   Allocas:
    0 =[1x4]
    1 =[1x4]
    2 =[1x8]
    3 =[1x16]
    4 =[1x16]
    5 =[1x16]
   Instruction values [Active=5]:
    0 = 
    1 = 
    2 = 
    3 = 
    4 = 
    5 = 

Process @0
 Dynamic Allocations: 0
 Open Streams: 3
 Open DIRs: 0
 Thread #1 @TT=0

