Recreating states:
Process @0
 Dynamic Allocations: 0
 Open Streams: 3
 Open DIRs: 0
 Thread #1 @TT=0

Process @2
 Dynamic Allocations: 0
 Open Streams: 3
 Open DIRs: 0
 Thread #1 @TT=1
  Function [Index=5]
   Allocas:
   Instruction values [Active=unassigned]:

Process @3
 Dynamic Allocations: 0
 Open Streams: 3
 Open DIRs: 0
 Thread #1 @TT=5
  Function [Index=5]
   Allocas:
    0 =[4]
    1 =[4]
    2 =[8]
   Instruction values [Active=3]:
    0 = 
    1 = 
    2 = 

Process @4
 Dynamic Allocations: 0
 Open Streams: 3
 Open DIRs: 0
 Thread #1 @TT=6
  Function [Index=5]
   Allocas:
    0 =[4]
    1 =[4]
    2 =[8]
   Instruction values [Active=4]:
    0 = 
    1 = 
    2 = 

Process @5
 Dynamic Allocations: 0
 Open Streams: 3
 Open DIRs: 0
 Thread #1 @TT=7
  Function [Index=5]
   Allocas:
    0 =[4]
    1 =[4]
    2 =[8]
   Instruction values [Active=6]:
    0 = 
    1 = 
    2 = 

Process @6
 Dynamic Allocations: 0
 Open Streams: 3
 Open DIRs: 0
 Thread #1 @TT=12
  Function [Index=5]
   Allocas:
    0 =[4]
    1 =[4]
    2 =[8]
   Instruction values [Active=8]:
    0 = 
    1 = 
    2 = 
  Function [Index=0]
   Allocas:
    0 =[8]
    1 =[8]
   Instruction values [Active=2]:
    0 = 
    1 = 

Process @7
 Dynamic Allocations: 1
 Open Streams: 3
 Open DIRs: 0
 Thread #1 @TT=15
  Function [Index=5]
   Allocas:
    0 =[4]
    1 =[4]
    2 =[8]
   Instruction values [Active=8]:
    0 = 
    1 = 
    2 = 
  Function [Index=0]
   Allocas:
    0 =[8]
    1 =[8]
   Instruction values [Active=6]:
    0 = 
    1 = 
    5 = (int64_t)0, (uint64_t)0
    6 = 

Process @8
 Dynamic Allocations: 1
 Open Streams: 3
 Open DIRs: 0
 Thread #1 @TT=16
  Function [Index=5]
   Allocas:
    0 =[4]
    1 =[4]
    2 =[8]
   Instruction values [Active=8]:
    0 = 
    1 = 
    2 = 
  Function [Index=0]
   Allocas:
    0 =[8]
    1 =[8]
   Instruction values [Active=7]:
    0 = 
    1 = 
    5 = (int64_t)0, (uint64_t)0
    6 = 

Process @9
 Dynamic Allocations: 0
 Open Streams: 3
 Open DIRs: 0
 Thread #1 @TT=24
  Function [Index=5]
   Allocas:
    0 =[4]
    1 =[4]
    2 =[8]
   Instruction values [Active=8]:
    0 = 
    1 = 
    2 = 
  Function [Index=0]
   Allocas:
    0 =[8]
    1 =[8]
   Instruction values [Active=19]:
    0 = 
    1 = 
    5 = (int64_t)0, (uint64_t)0
    6 = 
    8 = 
    9 = (int64_t)-1, (uint64_t)1
    11 = (int64_t)0, (uint64_t)0
    12 = (int64_t)0, (uint64_t)0
    18 = 

Process @10
 Dynamic Allocations: 0
 Open Streams: 3
 Open DIRs: 0
 Thread #1 @TT=25
  Function [Index=5]
   Allocas:
    0 =[4]
    1 =[4]
    2 =[8]
   Instruction values [Active=8]:
    0 = 
    1 = 
    2 = 

Process @11
 Dynamic Allocations: 0
 Open Streams: 3
 Open DIRs: 0
 Thread #1 @TT=31
  Function [Index=5]
   Allocas:
    0 =[4]
    1 =[4]
    2 =[8]
   Instruction values [Active=9]:
    0 = 
    1 = 
    2 = 
  Function [Index=0]
   Allocas:
    0 =[8]
    1 =[8]
   Instruction values [Active=2]:
    0 = 
    1 = 

Process @12
 Dynamic Allocations: 1
 Open Streams: 3
 Open DIRs: 0
 Thread #1 @TT=34
  Function [Index=5]
   Allocas:
    0 =[4]
    1 =[4]
    2 =[8]
   Instruction values [Active=9]:
    0 = 
    1 = 
    2 = 
  Function [Index=0]
   Allocas:
    0 =[8]
    1 =[8]
   Instruction values [Active=6]:
    0 = 
    1 = 
    5 = (int64_t)1, (uint64_t)1
    6 = 

Process @13
 Dynamic Allocations: 1
 Open Streams: 3
 Open DIRs: 0
 Thread #1 @TT=35
  Function [Index=5]
   Allocas:
    0 =[4]
    1 =[4]
    2 =[8]
   Instruction values [Active=9]:
    0 = 
    1 = 
    2 = 
  Function [Index=0]
   Allocas:
    0 =[8]
    1 =[8]
   Instruction values [Active=7]:
    0 = 
    1 = 
    5 = (int64_t)1, (uint64_t)1
    6 = 

Process @14
 Dynamic Allocations: 1
 Open Streams: 3
 Open DIRs: 0
 Thread #1 @TT=43
  Function [Index=5]
   Allocas:
    0 =[4]
    1 =[4]
    2 =[8]
   Instruction values [Active=9]:
    0 = 
    1 = 
    2 = 
  Function [Index=0]
   Allocas:
    0 =[8]
    1 =[8]
   Instruction values [Active=16]:
    0 = 
    1 = 
    5 = (int64_t)1, (uint64_t)1
    6 = 
    8 = 
    9 = (int64_t)-1, (uint64_t)1
    11 = (int64_t)1, (uint64_t)1
    12 = (int64_t)-1, (uint64_t)1
    14 = 
    15 = (int64_t)1, (uint64_t)1
    16 = 

Process @15
 Dynamic Allocations: 0
 Open Streams: 3
 Open DIRs: 0
 Thread #1 @TT=47
  Function [Index=5]
   Allocas:
    0 =[4]
    1 =[4]
    2 =[8]
   Instruction values [Active=9]:
    0 = 
    1 = 
    2 = 
  Function [Index=0]
   Allocas:
    0 =[8]
    1 =[8]
   Instruction values [Active=19]:
    0 = 
    1 = 
    5 = (int64_t)1, (uint64_t)1
    6 = 
    8 = 
    9 = (int64_t)-1, (uint64_t)1
    11 = (int64_t)1, (uint64_t)1
    12 = (int64_t)-1, (uint64_t)1
    14 = 
    15 = (int64_t)1, (uint64_t)1
    16 = 
    18 = 

Process @16
 Dynamic Allocations: 0
 Open Streams: 3
 Open DIRs: 0
 Thread #1 @TT=48
  Function [Index=5]
   Allocas:
    0 =[4]
    1 =[4]
    2 =[8]
   Instruction values [Active=9]:
    0 = 
    1 = 
    2 = 

Process @17
 Dynamic Allocations: 0
 Open Streams: 3
 Open DIRs: 0
 Thread #1 @TT=54
  Function [Index=5]
   Allocas:
    0 =[4]
    1 =[4]
    2 =[8]
   Instruction values [Active=10]:
    0 = 
    1 = 
    2 = 
  Function [Index=0]
   Allocas:
    0 =[8]
    1 =[8]
   Instruction values [Active=2]:
    0 = 
    1 = 

Process @18
 Dynamic Allocations: 1
 Open Streams: 3
 Open DIRs: 0
 Thread #1 @TT=57
  Function [Index=5]
   Allocas:
    0 =[4]
    1 =[4]
    2 =[8]
   Instruction values [Active=10]:
    0 = 
    1 = 
    2 = 
  Function [Index=0]
   Allocas:
    0 =[8]
    1 =[8]
   Instruction values [Active=6]:
    0 = 
    1 = 
    5 = (int64_t)8, (uint64_t)8
    6 = 

Process @19
 Dynamic Allocations: 1
 Open Streams: 3
 Open DIRs: 0
 Thread #1 @TT=58
  Function [Index=5]
   Allocas:
    0 =[4]
    1 =[4]
    2 =[8]
   Instruction values [Active=10]:
    0 = 
    1 = 
    2 = 
  Function [Index=0]
   Allocas:
    0 =[8]
    1 =[8]
   Instruction values [Active=7]:
    0 = 
    1 = 
    5 = (int64_t)8, (uint64_t)8
    6 = 

Process @20
 Dynamic Allocations: 1
 Open Streams: 3
 Open DIRs: 0
 Thread #1 @TT=66
  Function [Index=5]
   Allocas:
    0 =[4]
    1 =[4]
    2 =[8]
   Instruction values [Active=10]:
    0 = 
    1 = 
    2 = 
  Function [Index=0]
   Allocas:
    0 =[8]
    1 =[8]
   Instruction values [Active=16]:
    0 = 
    1 = 
    5 = (int64_t)8, (uint64_t)8
    6 = 
    8 = 
    9 = (int64_t)-1, (uint64_t)1
    11 = (int64_t)8, (uint64_t)8
    12 = (int64_t)-1, (uint64_t)1
    14 = 
    15 = (int64_t)8, (uint64_t)8
    16 = 

Process @21
 Dynamic Allocations: 0
 Open Streams: 3
 Open DIRs: 0
 Thread #1 @TT=70
  Function [Index=5]
   Allocas:
    0 =[4]
    1 =[4]
    2 =[8]
   Instruction values [Active=10]:
    0 = 
    1 = 
    2 = 
  Function [Index=0]
   Allocas:
    0 =[8]
    1 =[8]
   Instruction values [Active=19]:
    0 = 
    1 = 
    5 = (int64_t)8, (uint64_t)8
    6 = 
    8 = 
    9 = (int64_t)-1, (uint64_t)1
    11 = (int64_t)8, (uint64_t)8
    12 = (int64_t)-1, (uint64_t)1
    14 = 
    15 = (int64_t)8, (uint64_t)8
    16 = 
    18 = 

Process @22
 Dynamic Allocations: 0
 Open Streams: 3
 Open DIRs: 0
 Thread #1 @TT=71
  Function [Index=5]
   Allocas:
    0 =[4]
    1 =[4]
    2 =[8]
   Instruction values [Active=10]:
    0 = 
    1 = 
    2 = 

Process @23
 Dynamic Allocations: 0
 Open Streams: 3
 Open DIRs: 0
 Thread #1 @TT=77
  Function [Index=5]
   Allocas:
    0 =[4]
    1 =[4]
    2 =[8]
   Instruction values [Active=11]:
    0 = 
    1 = 
    2 = 
  Function [Index=0]
   Allocas:
    0 =[8]
    1 =[8]
   Instruction values [Active=2]:
    0 = 
    1 = 

Process @24
 Dynamic Allocations: 1
 Open Streams: 3
 Open DIRs: 0
 Thread #1 @TT=80
  Function [Index=5]
   Allocas:
    0 =[4]
    1 =[4]
    2 =[8]
   Instruction values [Active=11]:
    0 = 
    1 = 
    2 = 
  Function [Index=0]
   Allocas:
    0 =[8]
    1 =[8]
   Instruction values [Active=6]:
    0 = 
    1 = 
    5 = (int64_t)128, (uint64_t)128
    6 = 

Process @25
 Dynamic Allocations: 1
 Open Streams: 3
 Open DIRs: 0
 Thread #1 @TT=81
  Function [Index=5]
   Allocas:
    0 =[4]
    1 =[4]
    2 =[8]
   Instruction values [Active=11]:
    0 = 
    1 = 
    2 = 
  Function [Index=0]
   Allocas:
    0 =[8]
    1 =[8]
   Instruction values [Active=7]:
    0 = 
    1 = 
    5 = (int64_t)128, (uint64_t)128
    6 = 

Process @26
 Dynamic Allocations: 1
 Open Streams: 3
 Open DIRs: 0
 Thread #1 @TT=89
  Function [Index=5]
   Allocas:
    0 =[4]
    1 =[4]
    2 =[8]
   Instruction values [Active=11]:
    0 = 
    1 = 
    2 = 
  Function [Index=0]
   Allocas:
    0 =[8]
    1 =[8]
   Instruction values [Active=16]:
    0 = 
    1 = 
    5 = (int64_t)128, (uint64_t)128
    6 = 
    8 = 
    9 = (int64_t)-1, (uint64_t)1
    11 = (int64_t)128, (uint64_t)128
    12 = (int64_t)-1, (uint64_t)1
    14 = 
    15 = (int64_t)128, (uint64_t)128
    16 = 

Process @27
 Dynamic Allocations: 0
 Open Streams: 3
 Open DIRs: 0
 Thread #1 @TT=93
  Function [Index=5]
   Allocas:
    0 =[4]
    1 =[4]
    2 =[8]
   Instruction values [Active=11]:
    0 = 
    1 = 
    2 = 
  Function [Index=0]
   Allocas:
    0 =[8]
    1 =[8]
   Instruction values [Active=19]:
    0 = 
    1 = 
    5 = (int64_t)128, (uint64_t)128
    6 = 
    8 = 
    9 = (int64_t)-1, (uint64_t)1
    11 = (int64_t)128, (uint64_t)128
    12 = (int64_t)-1, (uint64_t)1
    14 = 
    15 = (int64_t)128, (uint64_t)128
    16 = 
    18 = 

Process @28
 Dynamic Allocations: 0
 Open Streams: 3
 Open DIRs: 0
 Thread #1 @TT=94
  Function [Index=5]
   Allocas:
    0 =[4]
    1 =[4]
    2 =[8]
   Instruction values [Active=11]:
    0 = 
    1 = 
    2 = 

Process @29
 Dynamic Allocations: 0
 Open Streams: 3
 Open DIRs: 0
 Thread #1 @TT=100
  Function [Index=5]
   Allocas:
    0 =[4]
    1 =[4]
    2 =[8]
   Instruction values [Active=12]:
    0 = 
    1 = 
    2 = 
  Function [Index=0]
   Allocas:
    0 =[8]
    1 =[8]
   Instruction values [Active=2]:
    0 = 
    1 = 

Process @30
 Dynamic Allocations: 1
 Open Streams: 3
 Open DIRs: 0
 Thread #1 @TT=103
  Function [Index=5]
   Allocas:
    0 =[4]
    1 =[4]
    2 =[8]
   Instruction values [Active=12]:
    0 = 
    1 = 
    2 = 
  Function [Index=0]
   Allocas:
    0 =[8]
    1 =[8]
   Instruction values [Active=6]:
    0 = 
    1 = 
    5 = (int64_t)1024, (uint64_t)1024
    6 = 

Process @31
 Dynamic Allocations: 1
 Open Streams: 3
 Open DIRs: 0
 Thread #1 @TT=104
  Function [Index=5]
   Allocas:
    0 =[4]
    1 =[4]
    2 =[8]
   Instruction values [Active=12]:
    0 = 
    1 = 
    2 = 
  Function [Index=0]
   Allocas:
    0 =[8]
    1 =[8]
   Instruction values [Active=7]:
    0 = 
    1 = 
    5 = (int64_t)1024, (uint64_t)1024
    6 = 

Process @32
 Dynamic Allocations: 1
 Open Streams: 3
 Open DIRs: 0
 Thread #1 @TT=112
  Function [Index=5]
   Allocas:
    0 =[4]
    1 =[4]
    2 =[8]
   Instruction values [Active=12]:
    0 = 
    1 = 
    2 = 
  Function [Index=0]
   Allocas:
    0 =[8]
    1 =[8]
   Instruction values [Active=16]:
    0 = 
    1 = 
    5 = (int64_t)1024, (uint64_t)1024
    6 = 
    8 = 
    9 = (int64_t)-1, (uint64_t)1
    11 = (int64_t)1024, (uint64_t)1024
    12 = (int64_t)-1, (uint64_t)1
    14 = 
    15 = (int64_t)1024, (uint64_t)1024
    16 = 

Process @33
 Dynamic Allocations: 0
 Open Streams: 3
 Open DIRs: 0
 Thread #1 @TT=116
  Function [Index=5]
   Allocas:
    0 =[4]
    1 =[4]
    2 =[8]
   Instruction values [Active=12]:
    0 = 
    1 = 
    2 = 
  Function [Index=0]
   Allocas:
    0 =[8]
    1 =[8]
   Instruction values [Active=19]:
    0 = 
    1 = 
    5 = (int64_t)1024, (uint64_t)1024
    6 = 
    8 = 
    9 = (int64_t)-1, (uint64_t)1
    11 = (int64_t)1024, (uint64_t)1024
    12 = (int64_t)-1, (uint64_t)1
    14 = 
    15 = (int64_t)1024, (uint64_t)1024
    16 = 
    18 = 

Process @34
 Dynamic Allocations: 0
 Open Streams: 3
 Open DIRs: 0
 Thread #1 @TT=117
  Function [Index=5]
   Allocas:
    0 =[4]
    1 =[4]
    2 =[8]
   Instruction values [Active=12]:
    0 = 
    1 = 
    2 = 

Process @35
 Dynamic Allocations: 0
 Open Streams: 3
 Open DIRs: 0
 Thread #1 @TT=123
  Function [Index=5]
   Allocas:
    0 =[4]
    1 =[4]
    2 =[8]
   Instruction values [Active=13]:
    0 = 
    1 = 
    2 = 
  Function [Index=0]
   Allocas:
    0 =[8]
    1 =[8]
   Instruction values [Active=2]:
    0 = 
    1 = 

Process @36
 Dynamic Allocations: 1
 Open Streams: 3
 Open DIRs: 0
 Thread #1 @TT=126
  Function [Index=5]
   Allocas:
    0 =[4]
    1 =[4]
    2 =[8]
   Instruction values [Active=13]:
    0 = 
    1 = 
    2 = 
  Function [Index=0]
   Allocas:
    0 =[8]
    1 =[8]
   Instruction values [Active=6]:
    0 = 
    1 = 
    5 = (int64_t)16384, (uint64_t)16384
    6 = 

Process @37
 Dynamic Allocations: 1
 Open Streams: 3
 Open DIRs: 0
 Thread #1 @TT=127
  Function [Index=5]
   Allocas:
    0 =[4]
    1 =[4]
    2 =[8]
   Instruction values [Active=13]:
    0 = 
    1 = 
    2 = 
  Function [Index=0]
   Allocas:
    0 =[8]
    1 =[8]
   Instruction values [Active=7]:
    0 = 
    1 = 
    5 = (int64_t)16384, (uint64_t)16384
    6 = 

Process @38
 Dynamic Allocations: 1
 Open Streams: 3
 Open DIRs: 0
 Thread #1 @TT=135
  Function [Index=5]
   Allocas:
    0 =[4]
    1 =[4]
    2 =[8]
   Instruction values [Active=13]:
    0 = 
    1 = 
    2 = 
  Function [Index=0]
   Allocas:
    0 =[8]
    1 =[8]
   Instruction values [Active=16]:
    0 = 
    1 = 
    5 = (int64_t)16384, (uint64_t)16384
    6 = 
    8 = 
    9 = (int64_t)-1, (uint64_t)1
    11 = (int64_t)16384, (uint64_t)16384
    12 = (int64_t)-1, (uint64_t)1
    14 = 
    15 = (int64_t)16384, (uint64_t)16384
    16 = 

Process @39
 Dynamic Allocations: 0
 Open Streams: 3
 Open DIRs: 0
 Thread #1 @TT=139
  Function [Index=5]
   Allocas:
    0 =[4]
    1 =[4]
    2 =[8]
   Instruction values [Active=13]:
    0 = 
    1 = 
    2 = 
  Function [Index=0]
   Allocas:
    0 =[8]
    1 =[8]
   Instruction values [Active=19]:
    0 = 
    1 = 
    5 = (int64_t)16384, (uint64_t)16384
    6 = 
    8 = 
    9 = (int64_t)-1, (uint64_t)1
    11 = (int64_t)16384, (uint64_t)16384
    12 = (int64_t)-1, (uint64_t)1
    14 = 
    15 = (int64_t)16384, (uint64_t)16384
    16 = 
    18 = 

Process @40
 Dynamic Allocations: 0
 Open Streams: 3
 Open DIRs: 0
 Thread #1 @TT=140
  Function [Index=5]
   Allocas:
    0 =[4]
    1 =[4]
    2 =[8]
   Instruction values [Active=13]:
    0 = 
    1 = 
    2 = 

Process @41
 Dynamic Allocations: 0
 Open Streams: 3
 Open DIRs: 0
 Thread #1 @TT=146
  Function [Index=5]
   Allocas:
    0 =[4]
    1 =[4]
    2 =[8]
   Instruction values [Active=14]:
    0 = 
    1 = 
    2 = 
  Function [Index=0]
   Allocas:
    0 =[8]
    1 =[8]
   Instruction values [Active=2]:
    0 = 
    1 = 

Process @42
 Dynamic Allocations: 1
 Open Streams: 3
 Open DIRs: 0
 Thread #1 @TT=149
  Function [Index=5]
   Allocas:
    0 =[4]
    1 =[4]
    2 =[8]
   Instruction values [Active=14]:
    0 = 
    1 = 
    2 = 
  Function [Index=0]
   Allocas:
    0 =[8]
    1 =[8]
   Instruction values [Active=6]:
    0 = 
    1 = 
    5 = (int64_t)17, (uint64_t)17
    6 = 

Process @43
 Dynamic Allocations: 1
 Open Streams: 3
 Open DIRs: 0
 Thread #1 @TT=150
  Function [Index=5]
   Allocas:
    0 =[4]
    1 =[4]
    2 =[8]
   Instruction values [Active=14]:
    0 = 
    1 = 
    2 = 
  Function [Index=0]
   Allocas:
    0 =[8]
    1 =[8]
   Instruction values [Active=7]:
    0 = 
    1 = 
    5 = (int64_t)17, (uint64_t)17
    6 = 

Process @44
 Dynamic Allocations: 1
 Open Streams: 3
 Open DIRs: 0
 Thread #1 @TT=158
  Function [Index=5]
   Allocas:
    0 =[4]
    1 =[4]
    2 =[8]
   Instruction values [Active=14]:
    0 = 
    1 = 
    2 = 
  Function [Index=0]
   Allocas:
    0 =[8]
    1 =[8]
   Instruction values [Active=16]:
    0 = 
    1 = 
    5 = (int64_t)17, (uint64_t)17
    6 = 
    8 = 
    9 = (int64_t)-1, (uint64_t)1
    11 = (int64_t)17, (uint64_t)17
    12 = (int64_t)-1, (uint64_t)1
    14 = 
    15 = (int64_t)17, (uint64_t)17
    16 = 

Process @45
 Dynamic Allocations: 0
 Open Streams: 3
 Open DIRs: 0
 Thread #1 @TT=162
  Function [Index=5]
   Allocas:
    0 =[4]
    1 =[4]
    2 =[8]
   Instruction values [Active=14]:
    0 = 
    1 = 
    2 = 
  Function [Index=0]
   Allocas:
    0 =[8]
    1 =[8]
   Instruction values [Active=19]:
    0 = 
    1 = 
    5 = (int64_t)17, (uint64_t)17
    6 = 
    8 = 
    9 = (int64_t)-1, (uint64_t)1
    11 = (int64_t)17, (uint64_t)17
    12 = (int64_t)-1, (uint64_t)1
    14 = 
    15 = (int64_t)17, (uint64_t)17
    16 = 
    18 = 

Process @46
 Dynamic Allocations: 0
 Open Streams: 3
 Open DIRs: 0
 Thread #1 @TT=163
  Function [Index=5]
   Allocas:
    0 =[4]
    1 =[4]
    2 =[8]
   Instruction values [Active=14]:
    0 = 
    1 = 
    2 = 

Process @45
 Dynamic Allocations: 0
 Open Streams: 3
 Open DIRs: 0
 Thread #1 @TT=162
  Function [Index=5]
   Allocas:
    0 =[4]
    1 =[4]
    2 =[8]
   Instruction values [Active=14]:
    0 = 
    1 = 
    2 = 
  Function [Index=0]
   Allocas:
    0 =[8]
    1 =[8]
   Instruction values [Active=19]:
    0 = 
    1 = 
    5 = (int64_t)17, (uint64_t)17
    6 = 
    8 = 
    9 = (int64_t)-1, (uint64_t)1
    11 = (int64_t)17, (uint64_t)17
    12 = (int64_t)-1, (uint64_t)1
    14 = 
    15 = (int64_t)17, (uint64_t)17
    16 = 
    18 = 

Process @44
 Dynamic Allocations: 1
 Open Streams: 3
 Open DIRs: 0
 Thread #1 @TT=161
  Function [Index=5]
   Allocas:
    0 =[4]
    1 =[4]
    2 =[8]
   Instruction values [Active=14]:
    0 = 
    1 = 
    2 = 
  Function [Index=0]
   Allocas:
    0 =[8]
    1 =[8]
   Instruction values [Active=19]:
    0 = 
    1 = 
    5 = (int64_t)17, (uint64_t)17
    6 = 
    8 = 
    9 = (int64_t)-1, (uint64_t)1
    11 = (int64_t)17, (uint64_t)17
    12 = (int64_t)-1, (uint64_t)1
    14 = 
    15 = (int64_t)17, (uint64_t)17
    16 = 
    18 = 

Process @43
 Dynamic Allocations: 1
 Open Streams: 3
 Open DIRs: 0
 Thread #1 @TT=157
  Function [Index=5]
   Allocas:
    0 =[4]
    1 =[4]
    2 =[8]
   Instruction values [Active=14]:
    0 = 
    1 = 
    2 = 
  Function [Index=0]
   Allocas:
    0 =[8]
    1 =[8]
   Instruction values [Active=16]:
    0 = 
    1 = 
    5 = (int64_t)17, (uint64_t)17
    6 = 
    8 = 
    9 = (int64_t)-1, (uint64_t)1
    11 = (int64_t)17, (uint64_t)17
    12 = (int64_t)-1, (uint64_t)1
    14 = 
    15 = (int64_t)17, (uint64_t)17

Process @42
 Dynamic Allocations: 1
 Open Streams: 3
 Open DIRs: 0
 Thread #1 @TT=149
  Function [Index=5]
   Allocas:
    0 =[4]
    1 =[4]
    2 =[8]
   Instruction values [Active=14]:
    0 = 
    1 = 
    2 = 
  Function [Index=0]
   Allocas:
    0 =[8]
    1 =[8]
   Instruction values [Active=6]:
    0 = 
    1 = 
    5 = (int64_t)17, (uint64_t)17
    6 = 

Process @41
 Dynamic Allocations: 0
 Open Streams: 3
 Open DIRs: 0
 Thread #1 @TT=148
  Function [Index=5]
   Allocas:
    0 =[4]
    1 =[4]
    2 =[8]
   Instruction values [Active=14]:
    0 = 
    1 = 
    2 = 
  Function [Index=0]
   Allocas:
    0 =[8]
    1 =[8]
   Instruction values [Active=6]:
    0 = 
    1 = 
    5 = (int64_t)17, (uint64_t)17

Process @40
 Dynamic Allocations: 0
 Open Streams: 3
 Open DIRs: 0
 Thread #1 @TT=145
  Function [Index=5]
   Allocas:
    0 =[4]
    1 =[4]
    2 =[8]
   Instruction values [Active=14]:
    0 = 
    1 = 
    2 = 
  Function [Index=0]
   Allocas:
    0 =[8]
    1 =[8]
   Instruction values [Active=1]:
    0 = 
    1 = 

Process @39
 Dynamic Allocations: 0
 Open Streams: 3
 Open DIRs: 0
 Thread #1 @TT=139
  Function [Index=5]
   Allocas:
    0 =[4]
    1 =[4]
    2 =[8]
   Instruction values [Active=13]:
    0 = 
    1 = 
    2 = 
  Function [Index=0]
   Allocas:
    0 =[8]
    1 =[8]
   Instruction values [Active=19]:
    0 = 
    1 = 
    5 = (int64_t)16384, (uint64_t)16384
    6 = 
    8 = 
    9 = (int64_t)-1, (uint64_t)1
    11 = (int64_t)16384, (uint64_t)16384
    12 = (int64_t)-1, (uint64_t)1
    14 = 
    15 = (int64_t)16384, (uint64_t)16384
    16 = 
    18 = 

Process @38
 Dynamic Allocations: 1
 Open Streams: 3
 Open DIRs: 0
 Thread #1 @TT=138
  Function [Index=5]
   Allocas:
    0 =[4]
    1 =[4]
    2 =[8]
   Instruction values [Active=13]:
    0 = 
    1 = 
    2 = 
  Function [Index=0]
   Allocas:
    0 =[8]
    1 =[8]
   Instruction values [Active=19]:
    0 = 
    1 = 
    5 = (int64_t)16384, (uint64_t)16384
    6 = 
    8 = 
    9 = (int64_t)-1, (uint64_t)1
    11 = (int64_t)16384, (uint64_t)16384
    12 = (int64_t)-1, (uint64_t)1
    14 = 
    15 = (int64_t)16384, (uint64_t)16384
    16 = 
    18 = 

Process @37
 Dynamic Allocations: 1
 Open Streams: 3
 Open DIRs: 0
 Thread #1 @TT=134
  Function [Index=5]
   Allocas:
    0 =[4]
    1 =[4]
    2 =[8]
   Instruction values [Active=13]:
    0 = 
    1 = 
    2 = 
  Function [Index=0]
   Allocas:
    0 =[8]
    1 =[8]
   Instruction values [Active=16]:
    0 = 
    1 = 
    5 = (int64_t)16384, (uint64_t)16384
    6 = 
    8 = 
    9 = (int64_t)-1, (uint64_t)1
    11 = (int64_t)16384, (uint64_t)16384
    12 = (int64_t)-1, (uint64_t)1
    14 = 
    15 = (int64_t)16384, (uint64_t)16384

Process @36
 Dynamic Allocations: 1
 Open Streams: 3
 Open DIRs: 0
 Thread #1 @TT=126
  Function [Index=5]
   Allocas:
    0 =[4]
    1 =[4]
    2 =[8]
   Instruction values [Active=13]:
    0 = 
    1 = 
    2 = 
  Function [Index=0]
   Allocas:
    0 =[8]
    1 =[8]
   Instruction values [Active=6]:
    0 = 
    1 = 
    5 = (int64_t)16384, (uint64_t)16384
    6 = 

Process @35
 Dynamic Allocations: 0
 Open Streams: 3
 Open DIRs: 0
 Thread #1 @TT=125
  Function [Index=5]
   Allocas:
    0 =[4]
    1 =[4]
    2 =[8]
   Instruction values [Active=13]:
    0 = 
    1 = 
    2 = 
  Function [Index=0]
   Allocas:
    0 =[8]
    1 =[8]
   Instruction values [Active=6]:
    0 = 
    1 = 
    5 = (int64_t)16384, (uint64_t)16384

Process @34
 Dynamic Allocations: 0
 Open Streams: 3
 Open DIRs: 0
 Thread #1 @TT=122
  Function [Index=5]
   Allocas:
    0 =[4]
    1 =[4]
    2 =[8]
   Instruction values [Active=13]:
    0 = 
    1 = 
    2 = 
  Function [Index=0]
   Allocas:
    0 =[8]
    1 =[8]
   Instruction values [Active=1]:
    0 = 
    1 = 

Process @33
 Dynamic Allocations: 0
 Open Streams: 3
 Open DIRs: 0
 Thread #1 @TT=116
  Function [Index=5]
   Allocas:
    0 =[4]
    1 =[4]
    2 =[8]
   Instruction values [Active=12]:
    0 = 
    1 = 
    2 = 
  Function [Index=0]
   Allocas:
    0 =[8]
    1 =[8]
   Instruction values [Active=19]:
    0 = 
    1 = 
    5 = (int64_t)1024, (uint64_t)1024
    6 = 
    8 = 
    9 = (int64_t)-1, (uint64_t)1
    11 = (int64_t)1024, (uint64_t)1024
    12 = (int64_t)-1, (uint64_t)1
    14 = 
    15 = (int64_t)1024, (uint64_t)1024
    16 = 
    18 = 

Process @32
 Dynamic Allocations: 1
 Open Streams: 3
 Open DIRs: 0
 Thread #1 @TT=115
  Function [Index=5]
   Allocas:
    0 =[4]
    1 =[4]
    2 =[8]
   Instruction values [Active=12]:
    0 = 
    1 = 
    2 = 
  Function [Index=0]
   Allocas:
    0 =[8]
    1 =[8]
   Instruction values [Active=19]:
    0 = 
    1 = 
    5 = (int64_t)1024, (uint64_t)1024
    6 = 
    8 = 
    9 = (int64_t)-1, (uint64_t)1
    11 = (int64_t)1024, (uint64_t)1024
    12 = (int64_t)-1, (uint64_t)1
    14 = 
    15 = (int64_t)1024, (uint64_t)1024
    16 = 
    18 = 

Process @31
 Dynamic Allocations: 1
 Open Streams: 3
 Open DIRs: 0
 Thread #1 @TT=111
  Function [Index=5]
   Allocas:
    0 =[4]
    1 =[4]
    2 =[8]
   Instruction values [Active=12]:
    0 = 
    1 = 
    2 = 
  Function [Index=0]
   Allocas:
    0 =[8]
    1 =[8]
   Instruction values [Active=16]:
    0 = 
    1 = 
    5 = (int64_t)1024, (uint64_t)1024
    6 = 
    8 = 
    9 = (int64_t)-1, (uint64_t)1
    11 = (int64_t)1024, (uint64_t)1024
    12 = (int64_t)-1, (uint64_t)1
    14 = 
    15 = (int64_t)1024, (uint64_t)1024

Process @30
 Dynamic Allocations: 1
 Open Streams: 3
 Open DIRs: 0
 Thread #1 @TT=103
  Function [Index=5]
   Allocas:
    0 =[4]
    1 =[4]
    2 =[8]
   Instruction values [Active=12]:
    0 = 
    1 = 
    2 = 
  Function [Index=0]
   Allocas:
    0 =[8]
    1 =[8]
   Instruction values [Active=6]:
    0 = 
    1 = 
    5 = (int64_t)1024, (uint64_t)1024
    6 = 

Process @29
 Dynamic Allocations: 0
 Open Streams: 3
 Open DIRs: 0
 Thread #1 @TT=102
  Function [Index=5]
   Allocas:
    0 =[4]
    1 =[4]
    2 =[8]
   Instruction values [Active=12]:
    0 = 
    1 = 
    2 = 
  Function [Index=0]
   Allocas:
    0 =[8]
    1 =[8]
   Instruction values [Active=6]:
    0 = 
    1 = 
    5 = (int64_t)1024, (uint64_t)1024

Process @28
 Dynamic Allocations: 0
 Open Streams: 3
 Open DIRs: 0
 Thread #1 @TT=99
  Function [Index=5]
   Allocas:
    0 =[4]
    1 =[4]
    2 =[8]
   Instruction values [Active=12]:
    0 = 
    1 = 
    2 = 
  Function [Index=0]
   Allocas:
    0 =[8]
    1 =[8]
   Instruction values [Active=1]:
    0 = 
    1 = 

Process @27
 Dynamic Allocations: 0
 Open Streams: 3
 Open DIRs: 0
 Thread #1 @TT=93
  Function [Index=5]
   Allocas:
    0 =[4]
    1 =[4]
    2 =[8]
   Instruction values [Active=11]:
    0 = 
    1 = 
    2 = 
  Function [Index=0]
   Allocas:
    0 =[8]
    1 =[8]
   Instruction values [Active=19]:
    0 = 
    1 = 
    5 = (int64_t)128, (uint64_t)128
    6 = 
    8 = 
    9 = (int64_t)-1, (uint64_t)1
    11 = (int64_t)128, (uint64_t)128
    12 = (int64_t)-1, (uint64_t)1
    14 = 
    15 = (int64_t)128, (uint64_t)128
    16 = 
    18 = 

Process @26
 Dynamic Allocations: 1
 Open Streams: 3
 Open DIRs: 0
 Thread #1 @TT=92
  Function [Index=5]
   Allocas:
    0 =[4]
    1 =[4]
    2 =[8]
   Instruction values [Active=11]:
    0 = 
    1 = 
    2 = 
  Function [Index=0]
   Allocas:
    0 =[8]
    1 =[8]
   Instruction values [Active=19]:
    0 = 
    1 = 
    5 = (int64_t)128, (uint64_t)128
    6 = 
    8 = 
    9 = (int64_t)-1, (uint64_t)1
    11 = (int64_t)128, (uint64_t)128
    12 = (int64_t)-1, (uint64_t)1
    14 = 
    15 = (int64_t)128, (uint64_t)128
    16 = 
    18 = 

Process @25
 Dynamic Allocations: 1
 Open Streams: 3
 Open DIRs: 0
 Thread #1 @TT=88
  Function [Index=5]
   Allocas:
    0 =[4]
    1 =[4]
    2 =[8]
   Instruction values [Active=11]:
    0 = 
    1 = 
    2 = 
  Function [Index=0]
   Allocas:
    0 =[8]
    1 =[8]
   Instruction values [Active=16]:
    0 = 
    1 = 
    5 = (int64_t)128, (uint64_t)128
    6 = 
    8 = 
    9 = (int64_t)-1, (uint64_t)1
    11 = (int64_t)128, (uint64_t)128
    12 = (int64_t)-1, (uint64_t)1
    14 = 
    15 = (int64_t)128, (uint64_t)128

Process @24
 Dynamic Allocations: 1
 Open Streams: 3
 Open DIRs: 0
 Thread #1 @TT=80
  Function [Index=5]
   Allocas:
    0 =[4]
    1 =[4]
    2 =[8]
   Instruction values [Active=11]:
    0 = 
    1 = 
    2 = 
  Function [Index=0]
   Allocas:
    0 =[8]
    1 =[8]
   Instruction values [Active=6]:
    0 = 
    1 = 
    5 = (int64_t)128, (uint64_t)128
    6 = 

Process @23
 Dynamic Allocations: 0
 Open Streams: 3
 Open DIRs: 0
 Thread #1 @TT=79
  Function [Index=5]
   Allocas:
    0 =[4]
    1 =[4]
    2 =[8]
   Instruction values [Active=11]:
    0 = 
    1 = 
    2 = 
  Function [Index=0]
   Allocas:
    0 =[8]
    1 =[8]
   Instruction values [Active=6]:
    0 = 
    1 = 
    5 = (int64_t)128, (uint64_t)128

Process @22
 Dynamic Allocations: 0
 Open Streams: 3
 Open DIRs: 0
 Thread #1 @TT=76
  Function [Index=5]
   Allocas:
    0 =[4]
    1 =[4]
    2 =[8]
   Instruction values [Active=11]:
    0 = 
    1 = 
    2 = 
  Function [Index=0]
   Allocas:
    0 =[8]
    1 =[8]
   Instruction values [Active=1]:
    0 = 
    1 = 

Process @21
 Dynamic Allocations: 0
 Open Streams: 3
 Open DIRs: 0
 Thread #1 @TT=70
  Function [Index=5]
   Allocas:
    0 =[4]
    1 =[4]
    2 =[8]
   Instruction values [Active=10]:
    0 = 
    1 = 
    2 = 
  Function [Index=0]
   Allocas:
    0 =[8]
    1 =[8]
   Instruction values [Active=19]:
    0 = 
    1 = 
    5 = (int64_t)8, (uint64_t)8
    6 = 
    8 = 
    9 = (int64_t)-1, (uint64_t)1
    11 = (int64_t)8, (uint64_t)8
    12 = (int64_t)-1, (uint64_t)1
    14 = 
    15 = (int64_t)8, (uint64_t)8
    16 = 
    18 = 

Process @20
 Dynamic Allocations: 1
 Open Streams: 3
 Open DIRs: 0
 Thread #1 @TT=69
  Function [Index=5]
   Allocas:
    0 =[4]
    1 =[4]
    2 =[8]
   Instruction values [Active=10]:
    0 = 
    1 = 
    2 = 
  Function [Index=0]
   Allocas:
    0 =[8]
    1 =[8]
   Instruction values [Active=19]:
    0 = 
    1 = 
    5 = (int64_t)8, (uint64_t)8
    6 = 
    8 = 
    9 = (int64_t)-1, (uint64_t)1
    11 = (int64_t)8, (uint64_t)8
    12 = (int64_t)-1, (uint64_t)1
    14 = 
    15 = (int64_t)8, (uint64_t)8
    16 = 
    18 = 

Process @19
 Dynamic Allocations: 1
 Open Streams: 3
 Open DIRs: 0
 Thread #1 @TT=65
  Function [Index=5]
   Allocas:
    0 =[4]
    1 =[4]
    2 =[8]
   Instruction values [Active=10]:
    0 = 
    1 = 
    2 = 
  Function [Index=0]
   Allocas:
    0 =[8]
    1 =[8]
   Instruction values [Active=16]:
    0 = 
    1 = 
    5 = (int64_t)8, (uint64_t)8
    6 = 
    8 = 
    9 = (int64_t)-1, (uint64_t)1
    11 = (int64_t)8, (uint64_t)8
    12 = (int64_t)-1, (uint64_t)1
    14 = 
    15 = (int64_t)8, (uint64_t)8

Process @18
 Dynamic Allocations: 1
 Open Streams: 3
 Open DIRs: 0
 Thread #1 @TT=57
  Function [Index=5]
   Allocas:
    0 =[4]
    1 =[4]
    2 =[8]
   Instruction values [Active=10]:
    0 = 
    1 = 
    2 = 
  Function [Index=0]
   Allocas:
    0 =[8]
    1 =[8]
   Instruction values [Active=6]:
    0 = 
    1 = 
    5 = (int64_t)8, (uint64_t)8
    6 = 

Process @17
 Dynamic Allocations: 0
 Open Streams: 3
 Open DIRs: 0
 Thread #1 @TT=56
  Function [Index=5]
   Allocas:
    0 =[4]
    1 =[4]
    2 =[8]
   Instruction values [Active=10]:
    0 = 
    1 = 
    2 = 
  Function [Index=0]
   Allocas:
    0 =[8]
    1 =[8]
   Instruction values [Active=6]:
    0 = 
    1 = 
    5 = (int64_t)8, (uint64_t)8

Process @16
 Dynamic Allocations: 0
 Open Streams: 3
 Open DIRs: 0
 Thread #1 @TT=53
  Function [Index=5]
   Allocas:
    0 =[4]
    1 =[4]
    2 =[8]
   Instruction values [Active=10]:
    0 = 
    1 = 
    2 = 
  Function [Index=0]
   Allocas:
    0 =[8]
    1 =[8]
   Instruction values [Active=1]:
    0 = 
    1 = 

Process @15
 Dynamic Allocations: 0
 Open Streams: 3
 Open DIRs: 0
 Thread #1 @TT=47
  Function [Index=5]
   Allocas:
    0 =[4]
    1 =[4]
    2 =[8]
   Instruction values [Active=9]:
    0 = 
    1 = 
    2 = 
  Function [Index=0]
   Allocas:
    0 =[8]
    1 =[8]
   Instruction values [Active=19]:
    0 = 
    1 = 
    5 = (int64_t)1, (uint64_t)1
    6 = 
    8 = 
    9 = (int64_t)-1, (uint64_t)1
    11 = (int64_t)1, (uint64_t)1
    12 = (int64_t)-1, (uint64_t)1
    14 = 
    15 = (int64_t)1, (uint64_t)1
    16 = 
    18 = 

Process @14
 Dynamic Allocations: 1
 Open Streams: 3
 Open DIRs: 0
 Thread #1 @TT=46
  Function [Index=5]
   Allocas:
    0 =[4]
    1 =[4]
    2 =[8]
   Instruction values [Active=9]:
    0 = 
    1 = 
    2 = 
  Function [Index=0]
   Allocas:
    0 =[8]
    1 =[8]
   Instruction values [Active=19]:
    0 = 
    1 = 
    5 = (int64_t)1, (uint64_t)1
    6 = 
    8 = 
    9 = (int64_t)-1, (uint64_t)1
    11 = (int64_t)1, (uint64_t)1
    12 = (int64_t)-1, (uint64_t)1
    14 = 
    15 = (int64_t)1, (uint64_t)1
    16 = 
    18 = 

Process @13
 Dynamic Allocations: 1
 Open Streams: 3
 Open DIRs: 0
 Thread #1 @TT=42
  Function [Index=5]
   Allocas:
    0 =[4]
    1 =[4]
    2 =[8]
   Instruction values [Active=9]:
    0 = 
    1 = 
    2 = 
  Function [Index=0]
   Allocas:
    0 =[8]
    1 =[8]
   Instruction values [Active=16]:
    0 = 
    1 = 
    5 = (int64_t)1, (uint64_t)1
    6 = 
    8 = 
    9 = (int64_t)-1, (uint64_t)1
    11 = (int64_t)1, (uint64_t)1
    12 = (int64_t)-1, (uint64_t)1
    14 = 
    15 = (int64_t)1, (uint64_t)1

Process @12
 Dynamic Allocations: 1
 Open Streams: 3
 Open DIRs: 0
 Thread #1 @TT=34
  Function [Index=5]
   Allocas:
    0 =[4]
    1 =[4]
    2 =[8]
   Instruction values [Active=9]:
    0 = 
    1 = 
    2 = 
  Function [Index=0]
   Allocas:
    0 =[8]
    1 =[8]
   Instruction values [Active=6]:
    0 = 
    1 = 
    5 = (int64_t)1, (uint64_t)1
    6 = 

Process @11
 Dynamic Allocations: 0
 Open Streams: 3
 Open DIRs: 0
 Thread #1 @TT=33
  Function [Index=5]
   Allocas:
    0 =[4]
    1 =[4]
    2 =[8]
   Instruction values [Active=9]:
    0 = 
    1 = 
    2 = 
  Function [Index=0]
   Allocas:
    0 =[8]
    1 =[8]
   Instruction values [Active=6]:
    0 = 
    1 = 
    5 = (int64_t)1, (uint64_t)1

Process @10
 Dynamic Allocations: 0
 Open Streams: 3
 Open DIRs: 0
 Thread #1 @TT=30
  Function [Index=5]
   Allocas:
    0 =[4]
    1 =[4]
    2 =[8]
   Instruction values [Active=9]:
    0 = 
    1 = 
    2 = 
  Function [Index=0]
   Allocas:
    0 =[8]
    1 =[8]
   Instruction values [Active=1]:
    0 = 
    1 = 

Process @9
 Dynamic Allocations: 0
 Open Streams: 3
 Open DIRs: 0
 Thread #1 @TT=24
  Function [Index=5]
   Allocas:
    0 =[4]
    1 =[4]
    2 =[8]
   Instruction values [Active=8]:
    0 = 
    1 = 
    2 = 
  Function [Index=0]
   Allocas:
    0 =[8]
    1 =[8]
   Instruction values [Active=19]:
    0 = 
    1 = 
    5 = (int64_t)0, (uint64_t)0
    6 = 
    8 = 
    9 = (int64_t)-1, (uint64_t)1
    11 = (int64_t)0, (uint64_t)0
    12 = (int64_t)0, (uint64_t)0
    18 = 

Process @8
 Dynamic Allocations: 1
 Open Streams: 3
 Open DIRs: 0
 Thread #1 @TT=23
  Function [Index=5]
   Allocas:
    0 =[4]
    1 =[4]
    2 =[8]
   Instruction values [Active=8]:
    0 = 
    1 = 
    2 = 
  Function [Index=0]
   Allocas:
    0 =[8]
    1 =[8]
   Instruction values [Active=19]:
    0 = 
    1 = 
    5 = (int64_t)0, (uint64_t)0
    6 = 
    8 = 
    9 = (int64_t)-1, (uint64_t)1
    11 = (int64_t)0, (uint64_t)0
    12 = (int64_t)0, (uint64_t)0
    18 = 

Process @7
 Dynamic Allocations: 1
 Open Streams: 3
 Open DIRs: 0
 Thread #1 @TT=15
  Function [Index=5]
   Allocas:
    0 =[4]
    1 =[4]
    2 =[8]
   Instruction values [Active=8]:
    0 = 
    1 = 
    2 = 
  Function [Index=0]
   Allocas:
    0 =[8]
    1 =[8]
   Instruction values [Active=6]:
    0 = 
    1 = 
    5 = (int64_t)0, (uint64_t)0
    6 = 

Process @6
 Dynamic Allocations: 0
 Open Streams: 3
 Open DIRs: 0
 Thread #1 @TT=14
  Function [Index=5]
   Allocas:
    0 =[4]
    1 =[4]
    2 =[8]
   Instruction values [Active=8]:
    0 = 
    1 = 
    2 = 
  Function [Index=0]
   Allocas:
    0 =[8]
    1 =[8]
   Instruction values [Active=6]:
    0 = 
    1 = 
    5 = (int64_t)0, (uint64_t)0

Process @5
 Dynamic Allocations: 0
 Open Streams: 3
 Open DIRs: 0
 Thread #1 @TT=11
  Function [Index=5]
   Allocas:
    0 =[4]
    1 =[4]
    2 =[8]
   Instruction values [Active=8]:
    0 = 
    1 = 
    2 = 
  Function [Index=0]
   Allocas:
    0 =[8]
    1 =[8]
   Instruction values [Active=1]:
    0 = 
    1 = 

Process @4
 Dynamic Allocations: 0
 Open Streams: 3
 Open DIRs: 0
 Thread #1 @TT=6
  Function [Index=5]
   Allocas:
    0 =[4]
    1 =[4]
    2 =[8]
   Instruction values [Active=4]:
    0 = 
    1 = 
    2 = 

Process @3
 Dynamic Allocations: 0
 Open Streams: 3
 Open DIRs: 0
 Thread #1 @TT=5
  Function [Index=5]
   Allocas:
    0 =[4]
    1 =[4]
    2 =[8]
   Instruction values [Active=3]:
    0 = 
    1 = 
    2 = 

Process @2
 Dynamic Allocations: 0
 Open Streams: 3
 Open DIRs: 0
 Thread #1 @TT=4
  Function [Index=5]
   Allocas:
    0 =[4]
    1 =[4]
    2 =[8]
   Instruction values [Active=2]:
    0 = 
    1 = 
    2 = 

Process @0
 Dynamic Allocations: 0
 Open Streams: 3
 Open DIRs: 0
 Thread #1 @TT=0

