Recreating states:
Process @0
 Dynamic Allocations: 0
 Open Streams: 3
 Open DIRs: 0
 Thread #1 @TT=0

Process @2
 Dynamic Allocations: 0
 Open Streams: 3
 Open DIRs: 0
 Thread #1 @TT=1
  Function [Index=2]
   Allocas:
   Instruction values [Active=unassigned]:

Process @3
 Dynamic Allocations: 0
 Open Streams: 3
 Open DIRs: 0
 Thread #1 @TT=9
  Function [Index=2]
   Allocas:
    0 =[4]
    1 =[4]
    2 =[8]
    3 =[40]
    4 =[4]
    5 =[8]
    6 =[8]
   Instruction values [Active=7]:
    0 = 
    1 = 
    2 = 
    3 = 
    4 = 
    5 = 
    6 = 

Process @4
 Dynamic Allocations: 0
 Open Streams: 3
 Open DIRs: 0
 Thread #1 @TT=10
  Function [Index=2]
   Allocas:
    0 =[4]
    1 =[4]
    2 =[8]
    3 =[40]
    4 =[4]
    5 =[8]
    6 =[8]
   Instruction values [Active=8]:
    0 = 
    1 = 
    2 = 
    3 = 
    4 = 
    5 = 
    6 = 

Process @5
 Dynamic Allocations: 0
 Open Streams: 3
 Open DIRs: 0
 Thread #1 @TT=11
  Function [Index=2]
   Allocas:
    0 =[4]
    1 =[4]
    2 =[8]
    3 =[40]
    4 =[4]
    5 =[8]
    6 =[8]
   Instruction values [Active=10]:
    0 = 
    1 = 
    2 = 
    3 = 
    4 = 
    5 = 
    6 = 

Process @6
 Dynamic Allocations: 0
 Open Streams: 3
 Open DIRs: 0
 Thread #1 @TT=13
  Function [Index=2]
   Allocas:
    0 =[4]
    1 =[4]
    2 =[8]
    3 =[40]
    4 =[4]
    5 =[8]
    6 =[8]
   Instruction values [Active=14]:
    0 = 
    1 = 
    2 = 
    3 = 
    4 = 
    5 = 
    6 = 
    13 = 

Process @7
 Dynamic Allocations: 0
 Open Streams: 3
 Open DIRs: 0
 Thread #1 @TT=19
  Function [Index=2]
   Allocas:
    0 =[4]
    1 =[4]
    2 =[8]
    3 =[40]
    4 =[4]
    5 =[8]
    6 =[8]
   Instruction values [Active=20]:
    0 = 
    1 = 
    2 = 
    3 = 
    4 = 
    5 = 
    6 = 
    13 = 
    16 = 
    17 = 
    18 = 
    19 = (int64_t)5, (uint64_t)5

Process @8
 Dynamic Allocations: 0
 Open Streams: 3
 Open DIRs: 0
 Thread #1 @TT=22
  Function [Index=2]
   Allocas:
    0 =[4]
    1 =[4]
    2 =[8]
    3 =[40]
    4 =[4]
    5 =[8]
    6 =[8]
   Instruction values [Active=24]:
    0 = 
    1 = 
    2 = 
    3 = 
    4 = 
    5 = 
    6 = 
    13 = 
    16 = 
    17 = 
    18 = 
    19 = (int64_t)5, (uint64_t)5
    22 = 
    23 = (int64_t)5, (uint64_t)5

Process @9
 Dynamic Allocations: 0
 Open Streams: 3
 Open DIRs: 0
 Thread #1 @TT=24
  Function [Index=2]
   Allocas:
    0 =[4]
    1 =[4]
    2 =[8]
    3 =[40]
    4 =[4]
    5 =[8]
    6 =[8]
   Instruction values [Active=26]:
    0 = 
    1 = 
    2 = 
    3 = 
    4 = 
    5 = 
    6 = 
    13 = 
    16 = 
    17 = 
    18 = 
    19 = (int64_t)5, (uint64_t)5
    22 = 
    23 = (int64_t)5, (uint64_t)5
    25 = 

Process @10
 Dynamic Allocations: 0
 Open Streams: 3
 Open DIRs: 0
 Thread #1 @TT=31
  Function [Index=2]
   Allocas:
    0 =[4]
    1 =[4]
    2 =[8]
    3 =[40]
    4 =[4]
    5 =[8]
    6 =[8]
   Instruction values [Active=29]:
    0 = 
    1 = 
    2 = 
    3 = 
    4 = 
    5 = 
    6 = 
    13 = 
    16 = 
    17 = 
    18 = 
    19 = (int64_t)5, (uint64_t)5
    22 = 
    23 = (int64_t)5, (uint64_t)5
    25 = 
    27 = 
    28 = 
    29 = 
  Function [Index=0]
   Allocas:
    0 =[8]
    1 =[8]
   Instruction values [Active=2]:
    0 = 
    1 = 

Process @11
 Dynamic Allocations: 0
 Open Streams: 3
 Open DIRs: 0
 Thread #1 @TT=32
  Function [Index=2]
   Allocas:
    0 =[4]
    1 =[4]
    2 =[8]
    3 =[40]
    4 =[4]
    5 =[8]
    6 =[8]
   Instruction values [Active=29]:
    0 = 
    1 = 
    2 = 
    3 = 
    4 = 
    5 = 
    6 = 
    13 = 
    16 = 
    17 = 
    18 = 
    19 = (int64_t)5, (uint64_t)5
    22 = 
    23 = (int64_t)5, (uint64_t)5
    25 = 
    27 = 
    28 = 
    29 = 
  Function [Index=0]
   Allocas:
    0 =[8]
    1 =[8]
   Instruction values [Active=4]:
    0 = 
    1 = 

Process @12
 Dynamic Allocations: 0
 Open Streams: 3
 Open DIRs: 0
 Thread #1 @TT=42
  Function [Index=2]
   Allocas:
    0 =[4]
    1 =[4]
    2 =[8]
    3 =[40]
    4 =[4]
    5 =[8]
    6 =[8]
   Instruction values [Active=29]:
    0 = 
    1 = 
    2 = 
    3 = 
    4 = 
    5 = 
    6 = 
    13 = 
    16 = 
    17 = 
    18 = 
    19 = (int64_t)5, (uint64_t)5
    22 = 
    23 = (int64_t)5, (uint64_t)5
    25 = 
    27 = 
    28 = 
    29 = 

Process @13
 Dynamic Allocations: 0
 Open Streams: 3
 Open DIRs: 0
 Thread #1 @TT=46
  Function [Index=2]
   Allocas:
    0 =[4]
    1 =[4]
    2 =[8]
    3 =[40]
    4 =[4]
    5 =[8]
    6 =[8]
   Instruction values [Active=29]:
    0 = 
    1 = 
    2 = 
    3 = 
    4 = 
    5 = 
    6 = 
    13 = 
    16 = 
    17 = 
    18 = 
    19 = (int64_t)5, (uint64_t)5
    22 = 
    23 = (int64_t)5, (uint64_t)5
    25 = 
    27 = 
    28 = 
    29 = 
  Function [Index=0]
   Allocas:
    0 =[8]
    1 =[8]
   Instruction values [Active=2]:
    0 = 
    1 = 

Process @14
 Dynamic Allocations: 0
 Open Streams: 3
 Open DIRs: 0
 Thread #1 @TT=47
  Function [Index=2]
   Allocas:
    0 =[4]
    1 =[4]
    2 =[8]
    3 =[40]
    4 =[4]
    5 =[8]
    6 =[8]
   Instruction values [Active=29]:
    0 = 
    1 = 
    2 = 
    3 = 
    4 = 
    5 = 
    6 = 
    13 = 
    16 = 
    17 = 
    18 = 
    19 = (int64_t)5, (uint64_t)5
    22 = 
    23 = (int64_t)5, (uint64_t)5
    25 = 
    27 = 
    28 = 
    29 = 
  Function [Index=0]
   Allocas:
    0 =[8]
    1 =[8]
   Instruction values [Active=4]:
    0 = 
    1 = 

Process @15
 Dynamic Allocations: 0
 Open Streams: 3
 Open DIRs: 0
 Thread #1 @TT=57
  Function [Index=2]
   Allocas:
    0 =[4]
    1 =[4]
    2 =[8]
    3 =[40]
    4 =[4]
    5 =[8]
    6 =[8]
   Instruction values [Active=29]:
    0 = 
    1 = 
    2 = 
    3 = 
    4 = 
    5 = 
    6 = 
    13 = 
    16 = 
    17 = 
    18 = 
    19 = (int64_t)5, (uint64_t)5
    22 = 
    23 = (int64_t)5, (uint64_t)5
    25 = 
    27 = 
    28 = 
    29 = 

Process @16
 Dynamic Allocations: 0
 Open Streams: 3
 Open DIRs: 0
 Thread #1 @TT=60
  Function [Index=2]
   Allocas:
    0 =[4]
    1 =[4]
    2 =[8]
    3 =[40]
    4 =[4]
    5 =[8]
    6 =[8]
   Instruction values [Active=32]:
    0 = 
    1 = 
    2 = 
    3 = 
    4 = 
    5 = 
    6 = 
    13 = 
    16 = 
    17 = 
    18 = 
    19 = (int64_t)5, (uint64_t)5
    22 = 
    23 = (int64_t)5, (uint64_t)5
    25 = 
    27 = 
    28 = 
    29 = 
    30 = 
    31 = 

Process @15
 Dynamic Allocations: 0
 Open Streams: 3
 Open DIRs: 0
 Thread #1 @TT=59
  Function [Index=2]
   Allocas:
    0 =[4]
    1 =[4]
    2 =[8]
    3 =[40]
    4 =[4]
    5 =[8]
    6 =[8]
   Instruction values [Active=31]:
    0 = 
    1 = 
    2 = 
    3 = 
    4 = 
    5 = 
    6 = 
    13 = 
    16 = 
    17 = 
    18 = 
    19 = (int64_t)5, (uint64_t)5
    22 = 
    23 = (int64_t)5, (uint64_t)5
    25 = 
    27 = 
    28 = 
    29 = 
    30 = 
    31 = 

Process @14
 Dynamic Allocations: 0
 Open Streams: 3
 Open DIRs: 0
 Thread #1 @TT=56
  Function [Index=2]
   Allocas:
    0 =[4]
    1 =[4]
    2 =[8]
    3 =[40]
    4 =[4]
    5 =[8]
    6 =[8]
   Instruction values [Active=29]:
    0 = 
    1 = 
    2 = 
    3 = 
    4 = 
    5 = 
    6 = 
    13 = 
    16 = 
    17 = 
    18 = 
    19 = (int64_t)5, (uint64_t)5
    22 = 
    23 = (int64_t)5, (uint64_t)5
    25 = 
    27 = 
    28 = 
    29 = 
  Function [Index=0]
   Allocas:
    0 =[8]
    1 =[8]
   Instruction values [Active=14]:
    0 = 
    1 = 
    6 = 
    7 = 
    8 = 
    9 = (int64_t)7, (uint64_t)7
    10 = 
    11 = 
    12 = 
    13 = (int64_t)5, (uint64_t)5
    14 = (int64_t)2, (uint64_t)2

Process @13
 Dynamic Allocations: 0
 Open Streams: 3
 Open DIRs: 0
 Thread #1 @TT=46
  Function [Index=2]
   Allocas:
    0 =[4]
    1 =[4]
    2 =[8]
    3 =[40]
    4 =[4]
    5 =[8]
    6 =[8]
   Instruction values [Active=29]:
    0 = 
    1 = 
    2 = 
    3 = 
    4 = 
    5 = 
    6 = 
    13 = 
    16 = 
    17 = 
    18 = 
    19 = (int64_t)5, (uint64_t)5
    22 = 
    23 = (int64_t)5, (uint64_t)5
    25 = 
    27 = 
    28 = 
    29 = 
  Function [Index=0]
   Allocas:
    0 =[8]
    1 =[8]
   Instruction values [Active=2]:
    0 = 
    1 = 

Process @12
 Dynamic Allocations: 0
 Open Streams: 3
 Open DIRs: 0
 Thread #1 @TT=45
  Function [Index=2]
   Allocas:
    0 =[4]
    1 =[4]
    2 =[8]
    3 =[40]
    4 =[4]
    5 =[8]
    6 =[8]
   Instruction values [Active=29]:
    0 = 
    1 = 
    2 = 
    3 = 
    4 = 
    5 = 
    6 = 
    13 = 
    16 = 
    17 = 
    18 = 
    19 = (int64_t)5, (uint64_t)5
    22 = 
    23 = (int64_t)5, (uint64_t)5
    25 = 
    27 = 
    28 = 
    29 = 
  Function [Index=0]
   Allocas:
    0 =[8]
    1 =[8]
   Instruction values [Active=1]:
    0 = 
    1 = 

Process @11
 Dynamic Allocations: 0
 Open Streams: 3
 Open DIRs: 0
 Thread #1 @TT=41
  Function [Index=2]
   Allocas:
    0 =[4]
    1 =[4]
    2 =[8]
    3 =[40]
    4 =[4]
    5 =[8]
    6 =[8]
   Instruction values [Active=29]:
    0 = 
    1 = 
    2 = 
    3 = 
    4 = 
    5 = 
    6 = 
    13 = 
    16 = 
    17 = 
    18 = 
    19 = (int64_t)5, (uint64_t)5
    22 = 
    23 = (int64_t)5, (uint64_t)5
    25 = 
    27 = 
    28 = 
    29 = 
  Function [Index=0]
   Allocas:
    0 =[8]
    1 =[8]
   Instruction values [Active=14]:
    0 = 
    1 = 
    6 = 
    7 = 
    8 = 
    9 = (int64_t)4, (uint64_t)4
    10 = 
    11 = 
    12 = 
    13 = (int64_t)5, (uint64_t)5
    14 = (int64_t)-1, (uint64_t)4294967295

Process @10
 Dynamic Allocations: 0
 Open Streams: 3
 Open DIRs: 0
 Thread #1 @TT=31
  Function [Index=2]
   Allocas:
    0 =[4]
    1 =[4]
    2 =[8]
    3 =[40]
    4 =[4]
    5 =[8]
    6 =[8]
   Instruction values [Active=29]:
    0 = 
    1 = 
    2 = 
    3 = 
    4 = 
    5 = 
    6 = 
    13 = 
    16 = 
    17 = 
    18 = 
    19 = (int64_t)5, (uint64_t)5
    22 = 
    23 = (int64_t)5, (uint64_t)5
    25 = 
    27 = 
    28 = 
    29 = 
  Function [Index=0]
   Allocas:
    0 =[8]
    1 =[8]
   Instruction values [Active=2]:
    0 = 
    1 = 

Process @9
 Dynamic Allocations: 0
 Open Streams: 3
 Open DIRs: 0
 Thread #1 @TT=30
  Function [Index=2]
   Allocas:
    0 =[4]
    1 =[4]
    2 =[8]
    3 =[40]
    4 =[4]
    5 =[8]
    6 =[8]
   Instruction values [Active=29]:
    0 = 
    1 = 
    2 = 
    3 = 
    4 = 
    5 = 
    6 = 
    13 = 
    16 = 
    17 = 
    18 = 
    19 = (int64_t)5, (uint64_t)5
    22 = 
    23 = (int64_t)5, (uint64_t)5
    25 = 
    27 = 
    28 = 
    29 = 
  Function [Index=0]
   Allocas:
    0 =[8]
    1 =[8]
   Instruction values [Active=1]:
    0 = 
    1 = 

Process @8
 Dynamic Allocations: 0
 Open Streams: 3
 Open DIRs: 0
 Thread #1 @TT=23
  Function [Index=2]
   Allocas:
    0 =[4]
    1 =[4]
    2 =[8]
    3 =[40]
    4 =[4]
    5 =[8]
    6 =[8]
   Instruction values [Active=25]:
    0 = 
    1 = 
    2 = 
    3 = 
    4 = 
    5 = 
    6 = 
    13 = 
    16 = 
    17 = 
    18 = 
    19 = (int64_t)5, (uint64_t)5
    22 = 
    23 = (int64_t)5, (uint64_t)5
    25 = 

Process @7
 Dynamic Allocations: 0
 Open Streams: 3
 Open DIRs: 0
 Thread #1 @TT=21
  Function [Index=2]
   Allocas:
    0 =[4]
    1 =[4]
    2 =[8]
    3 =[40]
    4 =[4]
    5 =[8]
    6 =[8]
   Instruction values [Active=23]:
    0 = 
    1 = 
    2 = 
    3 = 
    4 = 
    5 = 
    6 = 
    13 = 
    16 = 
    17 = 
    18 = 
    19 = (int64_t)5, (uint64_t)5
    22 = 
    23 = (int64_t)5, (uint64_t)5

Process @6
 Dynamic Allocations: 0
 Open Streams: 3
 Open DIRs: 0
 Thread #1 @TT=18
  Function [Index=2]
   Allocas:
    0 =[4]
    1 =[4]
    2 =[8]
    3 =[40]
    4 =[4]
    5 =[8]
    6 =[8]
   Instruction values [Active=19]:
    0 = 
    1 = 
    2 = 
    3 = 
    4 = 
    5 = 
    6 = 
    13 = 
    16 = 
    17 = 
    18 = 
    19 = (int64_t)5, (uint64_t)5

Process @5
 Dynamic Allocations: 0
 Open Streams: 3
 Open DIRs: 0
 Thread #1 @TT=12
  Function [Index=2]
   Allocas:
    0 =[4]
    1 =[4]
    2 =[8]
    3 =[40]
    4 =[4]
    5 =[8]
    6 =[8]
   Instruction values [Active=13]:
    0 = 
    1 = 
    2 = 
    3 = 
    4 = 
    5 = 
    6 = 
    13 = 

Process @4
 Dynamic Allocations: 0
 Open Streams: 3
 Open DIRs: 0
 Thread #1 @TT=10
  Function [Index=2]
   Allocas:
    0 =[4]
    1 =[4]
    2 =[8]
    3 =[40]
    4 =[4]
    5 =[8]
    6 =[8]
   Instruction values [Active=8]:
    0 = 
    1 = 
    2 = 
    3 = 
    4 = 
    5 = 
    6 = 

Process @3
 Dynamic Allocations: 0
 Open Streams: 3
 Open DIRs: 0
 Thread #1 @TT=9
  Function [Index=2]
   Allocas:
    0 =[4]
    1 =[4]
    2 =[8]
    3 =[40]
    4 =[4]
    5 =[8]
    6 =[8]
   Instruction values [Active=7]:
    0 = 
    1 = 
    2 = 
    3 = 
    4 = 
    5 = 
    6 = 

Process @2
 Dynamic Allocations: 0
 Open Streams: 3
 Open DIRs: 0
 Thread #1 @TT=8
  Function [Index=2]
   Allocas:
    0 =[4]
    1 =[4]
    2 =[8]
    3 =[40]
    4 =[4]
    5 =[8]
    6 =[8]
   Instruction values [Active=6]:
    0 = 
    1 = 
    2 = 
    3 = 
    4 = 
    5 = 
    6 = 

Process @0
 Dynamic Allocations: 0
 Open Streams: 3
 Open DIRs: 0
 Thread #1 @TT=0

