Recreating states:
Process @0
 Dynamic Allocations: 0
 Known Memory Regions: 0
 Open Streams: 3
 Open DIRs: 0
 Thread #1 @TT=0

Process @2
 Dynamic Allocations: 0
 Known Memory Regions: 72
 Open Streams: 3
 Open DIRs: 0
 Thread #1 @TT=1
  Function [Index=0]
   Allocas:
   Instruction values [Active=unassigned]:

Process @3
 Dynamic Allocations: 0
 Known Memory Regions: 72
 Open Streams: 3
 Open DIRs: 0
 Thread #1 @TT=5
  Function [Index=0]
   Allocas:
    0 =[1x4]
    1 =[1x4]
    2 =[1x8]
   Instruction values [Active=3]:
    0 = 
    1 = 
    2 = 

Process @4
 Dynamic Allocations: 0
 Known Memory Regions: 72
 Open Streams: 3
 Open DIRs: 0
 Thread #1 @TT=6
  Function [Index=0]
   Allocas:
    0 =[1x4]
    1 =[1x4]
    2 =[1x8]
   Instruction values [Active=4]:
    0 = 
    1 = 
    2 = 

Process @5
 Dynamic Allocations: 0
 Known Memory Regions: 72
 Open Streams: 3
 Open DIRs: 0
 Thread #1 @TT=7
  Function [Index=0]
   Allocas:
    0 =[1x4]
    1 =[1x4]
    2 =[1x8]
   Instruction values [Active=6]:
    0 = 
    1 = 
    2 = 

Process @6
 Dynamic Allocations: 0
 Known Memory Regions: 72
 Open Streams: 3
 Open DIRs: 0
 Thread #1 @TT=11
  Function [Index=0]
   Allocas:
    0 =[1x4]
    1 =[1x4]
    2 =[1x8]
   Instruction values [Active=10]:
    0 = 
    1 = 
    2 = 
    8 = 
    9 = 
    10 = 

Process @7
 Dynamic Allocations: 0
 Known Memory Regions: 72
 Open Streams: 3
 Open DIRs: 0
 Thread #1 @TT=15
  Function [Index=0]
   Allocas:
    0 =[1x4]
    1 =[1x4]
    2 =[1x8]
   Instruction values [Active=13]:
    0 = 
    1 = 
    2 = 
    8 = 
    9 = 
    10 = 
    11 = 
    12 = 
    13 = 

Process @8
 Dynamic Allocations: 0
 Known Memory Regions: 72
 Open Streams: 3
 Open DIRs: 0
 Thread #1 @TT=19
  Function [Index=0]
   Allocas:
    0 =[1x4]
    1 =[1x4]
    2 =[1x8]
   Instruction values [Active=16]:
    0 = 
    1 = 
    2 = 
    8 = 
    9 = 
    10 = 
    11 = 
    12 = 
    13 = 
    14 = 
    15 = 
    16 = 

Process @9
 Dynamic Allocations: 0
 Known Memory Regions: 72
 Open Streams: 3
 Open DIRs: 0
 Thread #1 @TT=20

Process @8
 Dynamic Allocations: 0
 Known Memory Regions: 72
 Open Streams: 3
 Open DIRs: 0
 Thread #1 @TT=19
  Function [Index=0]
   Allocas:
    0 =[1x4]
    1 =[1x4]
    2 =[1x8]
   Instruction values [Active=16]:
    0 = 
    1 = 
    2 = 
    8 = 
    9 = 
    10 = 
    11 = 
    12 = 
    13 = 
    14 = 
    15 = 
    16 = 

Process @7
 Dynamic Allocations: 0
 Known Memory Regions: 72
 Open Streams: 3
 Open DIRs: 0
 Thread #1 @TT=18
  Function [Index=0]
   Allocas:
    0 =[1x4]
    1 =[1x4]
    2 =[1x8]
   Instruction values [Active=16]:
    0 = 
    1 = 
    2 = 
    8 = 
    9 = 
    10 = 
    11 = 
    12 = 
    13 = 
    14 = 
    15 = 

Process @6
 Dynamic Allocations: 0
 Known Memory Regions: 72
 Open Streams: 3
 Open DIRs: 0
 Thread #1 @TT=14
  Function [Index=0]
   Allocas:
    0 =[1x4]
    1 =[1x4]
    2 =[1x8]
   Instruction values [Active=13]:
    0 = 
    1 = 
    2 = 
    8 = 
    9 = 
    10 = 
    11 = 
    12 = 

Process @5
 Dynamic Allocations: 0
 Known Memory Regions: 72
 Open Streams: 3
 Open DIRs: 0
 Thread #1 @TT=10
  Function [Index=0]
   Allocas:
    0 =[1x4]
    1 =[1x4]
    2 =[1x8]
   Instruction values [Active=10]:
    0 = 
    1 = 
    2 = 
    8 = 
    9 = 

Process @4
 Dynamic Allocations: 0
 Known Memory Regions: 72
 Open Streams: 3
 Open DIRs: 0
 Thread #1 @TT=6
  Function [Index=0]
   Allocas:
    0 =[1x4]
    1 =[1x4]
    2 =[1x8]
   Instruction values [Active=4]:
    0 = 
    1 = 
    2 = 

Process @3
 Dynamic Allocations: 0
 Known Memory Regions: 72
 Open Streams: 3
 Open DIRs: 0
 Thread #1 @TT=5
  Function [Index=0]
   Allocas:
    0 =[1x4]
    1 =[1x4]
    2 =[1x8]
   Instruction values [Active=3]:
    0 = 
    1 = 
    2 = 

Process @2
 Dynamic Allocations: 0
 Known Memory Regions: 72
 Open Streams: 3
 Open DIRs: 0
 Thread #1 @TT=4
  Function [Index=0]
   Allocas:
    0 =[1x4]
    1 =[1x4]
    2 =[1x8]
   Instruction values [Active=2]:
    0 = 
    1 = 
    2 = 

Process @0
 Dynamic Allocations: 0
 Known Memory Regions: 0
 Open Streams: 3
 Open DIRs: 0
 Thread #1 @TT=0

