Recreating states:
Process @0
 Dynamic Allocations: 0
 Open Streams: 3
 Open DIRs: 0
 Thread #1 @TT=0

Process @2
 Dynamic Allocations: 0
 Open Streams: 3
 Open DIRs: 0
 Thread #1 @TT=1
  Function [Index=0]
   Allocas:
   Instruction values [Active=unassigned]:

Process @3
 Dynamic Allocations: 0
 Open Streams: 3
 Open DIRs: 0
 Thread #1 @TT=7
  Function [Index=0]
   Allocas:
    0 =[4]
    1 =[4]
    2 =[8]
    3 =[4]
    4 =[8]
   Instruction values [Active=5]:
    0 = 
    1 = 
    2 = 
    3 = 
    4 = 

Process @4
 Dynamic Allocations: 0
 Open Streams: 3
 Open DIRs: 0
 Thread #1 @TT=8
  Function [Index=0]
   Allocas:
    0 =[4]
    1 =[4]
    2 =[8]
    3 =[4]
    4 =[8]
   Instruction values [Active=6]:
    0 = 
    1 = 
    2 = 
    3 = 
    4 = 

Process @5
 Dynamic Allocations: 0
 Open Streams: 3
 Open DIRs: 0
 Thread #1 @TT=9
  Function [Index=0]
   Allocas:
    0 =[4]
    1 =[4]
    2 =[8]
    3 =[4]
    4 =[8]
   Instruction values [Active=8]:
    0 = 
    1 = 
    2 = 
    3 = 
    4 = 

Process @6
 Dynamic Allocations: 0
 Open Streams: 3
 Open DIRs: 0
 Thread #1 @TT=15
  Function [Index=0]
   Allocas:
    0 =[4]
    1 =[4]
    2 =[8]
    3 =[4]
    4 =[8]
   Instruction values [Active=15]:
    0 = 
    1 = 
    2 = 
    3 = 
    4 = 
    11 = 
    12 = 
    13 = 
    14 = (int64_t)4, (uint64_t)4

Process @5
 Dynamic Allocations: 0
 Open Streams: 3
 Open DIRs: 0
 Thread #1 @TT=14
  Function [Index=0]
   Allocas:
    0 =[4]
    1 =[4]
    2 =[8]
    3 =[4]
    4 =[8]
   Instruction values [Active=14]:
    0 = 
    1 = 
    2 = 
    3 = 
    4 = 
    11 = 
    12 = 
    13 = 
    14 = (int64_t)4, (uint64_t)4

Process @4
 Dynamic Allocations: 0
 Open Streams: 3
 Open DIRs: 0
 Thread #1 @TT=8
  Function [Index=0]
   Allocas:
    0 =[4]
    1 =[4]
    2 =[8]
    3 =[4]
    4 =[8]
   Instruction values [Active=6]:
    0 = 
    1 = 
    2 = 
    3 = 
    4 = 

Process @3
 Dynamic Allocations: 0
 Open Streams: 3
 Open DIRs: 0
 Thread #1 @TT=7
  Function [Index=0]
   Allocas:
    0 =[4]
    1 =[4]
    2 =[8]
    3 =[4]
    4 =[8]
   Instruction values [Active=5]:
    0 = 
    1 = 
    2 = 
    3 = 
    4 = 

Process @2
 Dynamic Allocations: 0
 Open Streams: 3
 Open DIRs: 0
 Thread #1 @TT=6
  Function [Index=0]
   Allocas:
    0 =[4]
    1 =[4]
    2 =[8]
    3 =[4]
    4 =[8]
   Instruction values [Active=4]:
    0 = 
    1 = 
    2 = 
    3 = 
    4 = 

Process @0
 Dynamic Allocations: 0
 Open Streams: 3
 Open DIRs: 0
 Thread #1 @TT=0

