Recreating states:
Process @0
 Dynamic Allocations: 0
 Open Streams: 3
 Open DIRs: 0
 Thread #1 @TT=0

Process @2
 Dynamic Allocations: 0
 Open Streams: 3
 Open DIRs: 0
 Thread #1 @TT=1
  Function [Index=1]
   Allocas:
   Instruction values [Active=unassigned]:

Process @3
 Dynamic Allocations: 0
 Open Streams: 3
 Open DIRs: 0
 Thread #1 @TT=8
  Function [Index=1]
   Allocas:
    0 =[4]
    1 =[4]
    2 =[8]
    3 =[4]
    4 =[8]
    5 =[1]
   Instruction values [Active=6]:
    0 = 
    1 = 
    2 = 
    3 = 
    4 = 
    5 = 

Process @4
 Dynamic Allocations: 0
 Open Streams: 3
 Open DIRs: 0
 Thread #1 @TT=9
  Function [Index=1]
   Allocas:
    0 =[4]
    1 =[4]
    2 =[8]
    3 =[4]
    4 =[8]
    5 =[1]
   Instruction values [Active=7]:
    0 = 
    1 = 
    2 = 
    3 = 
    4 = 
    5 = 

Process @5
 Dynamic Allocations: 0
 Open Streams: 3
 Open DIRs: 0
 Thread #1 @TT=10
  Function [Index=1]
   Allocas:
    0 =[4]
    1 =[4]
    2 =[8]
    3 =[4]
    4 =[8]
    5 =[1]
   Instruction values [Active=9]:
    0 = 
    1 = 
    2 = 
    3 = 
    4 = 
    5 = 

Process @6
 Dynamic Allocations: 0
 Open Streams: 3
 Open DIRs: 0
 Thread #1 @TT=16
  Function [Index=1]
   Allocas:
    0 =[4]
    1 =[4]
    2 =[8]
    3 =[4]
    4 =[8]
    5 =[1]
   Instruction values [Active=16]:
    0 = 
    1 = 
    2 = 
    3 = 
    4 = 
    5 = 
    12 = 
    13 = 
    14 = 
    15 = (int64_t)0, (uint64_t)0

Process @7
 Dynamic Allocations: 0
 Open Streams: 3
 Open DIRs: 0
 Thread #1 @TT=25
  Function [Index=1]
   Allocas:
    0 =[4]
    1 =[4]
    2 =[8]
    3 =[4]
    4 =[8]
    5 =[1]
   Instruction values [Active=22]:
    0 = 
    1 = 
    2 = 
    3 = 
    4 = 
    5 = 
    12 = 
    13 = 
    14 = 
    15 = (int64_t)0, (uint64_t)0
    18 = 
    19 = (int64_t)0, (uint64_t)0
    20 = (int64_t)0, (uint64_t)0
    21 = 

Process @8
 Dynamic Allocations: 0
 Open Streams: 3
 Open DIRs: 0
 Thread #1 @TT=28
  Function [Index=1]
   Allocas:
    0 =[4]
    1 =[4]
    2 =[8]
    3 =[4]
    4 =[8]
    5 =[1]
   Instruction values [Active=26]:
    0 = 
    1 = 
    2 = 
    3 = 
    4 = 
    5 = 
    12 = 
    13 = 
    14 = 
    15 = (int64_t)0, (uint64_t)0
    18 = 
    19 = (int64_t)0, (uint64_t)0
    20 = (int64_t)0, (uint64_t)0
    21 = 
    24 = 
    25 = (int64_t)48, (uint64_t)48

Process @9
 Dynamic Allocations: 0
 Open Streams: 3
 Open DIRs: 0
 Thread #1 @TT=29

Process @8
 Dynamic Allocations: 0
 Open Streams: 3
 Open DIRs: 0
 Thread #1 @TT=28
  Function [Index=1]
   Allocas:
    0 =[4]
    1 =[4]
    2 =[8]
    3 =[4]
    4 =[8]
    5 =[1]
   Instruction values [Active=26]:
    0 = 
    1 = 
    2 = 
    3 = 
    4 = 
    5 = 
    12 = 
    13 = 
    14 = 
    15 = (int64_t)0, (uint64_t)0
    18 = 
    19 = (int64_t)0, (uint64_t)0
    20 = (int64_t)0, (uint64_t)0
    21 = 
    24 = 
    25 = (int64_t)48, (uint64_t)48

Process @7
 Dynamic Allocations: 0
 Open Streams: 3
 Open DIRs: 0
 Thread #1 @TT=27
  Function [Index=1]
   Allocas:
    0 =[4]
    1 =[4]
    2 =[8]
    3 =[4]
    4 =[8]
    5 =[1]
   Instruction values [Active=25]:
    0 = 
    1 = 
    2 = 
    3 = 
    4 = 
    5 = 
    12 = 
    13 = 
    14 = 
    15 = (int64_t)0, (uint64_t)0
    18 = 
    19 = (int64_t)0, (uint64_t)0
    20 = (int64_t)0, (uint64_t)0
    21 = 
    24 = 
    25 = (int64_t)48, (uint64_t)48

Process @6
 Dynamic Allocations: 0
 Open Streams: 3
 Open DIRs: 0
 Thread #1 @TT=24
  Function [Index=1]
   Allocas:
    0 =[4]
    1 =[4]
    2 =[8]
    3 =[4]
    4 =[8]
    5 =[1]
   Instruction values [Active=21]:
    0 = 
    1 = 
    2 = 
    3 = 
    4 = 
    5 = 
    12 = 
    13 = 
    14 = 
    15 = (int64_t)0, (uint64_t)0
    18 = 
    19 = (int64_t)0, (uint64_t)0
    20 = (int64_t)0, (uint64_t)0
    21 = 

Process @5
 Dynamic Allocations: 0
 Open Streams: 3
 Open DIRs: 0
 Thread #1 @TT=15
  Function [Index=1]
   Allocas:
    0 =[4]
    1 =[4]
    2 =[8]
    3 =[4]
    4 =[8]
    5 =[1]
   Instruction values [Active=15]:
    0 = 
    1 = 
    2 = 
    3 = 
    4 = 
    5 = 
    12 = 
    13 = 
    14 = 
    15 = (int64_t)0, (uint64_t)0

Process @4
 Dynamic Allocations: 0
 Open Streams: 3
 Open DIRs: 0
 Thread #1 @TT=9
  Function [Index=1]
   Allocas:
    0 =[4]
    1 =[4]
    2 =[8]
    3 =[4]
    4 =[8]
    5 =[1]
   Instruction values [Active=7]:
    0 = 
    1 = 
    2 = 
    3 = 
    4 = 
    5 = 

Process @3
 Dynamic Allocations: 0
 Open Streams: 3
 Open DIRs: 0
 Thread #1 @TT=8
  Function [Index=1]
   Allocas:
    0 =[4]
    1 =[4]
    2 =[8]
    3 =[4]
    4 =[8]
    5 =[1]
   Instruction values [Active=6]:
    0 = 
    1 = 
    2 = 
    3 = 
    4 = 
    5 = 

Process @2
 Dynamic Allocations: 0
 Open Streams: 3
 Open DIRs: 0
 Thread #1 @TT=7
  Function [Index=1]
   Allocas:
    0 =[4]
    1 =[4]
    2 =[8]
    3 =[4]
    4 =[8]
    5 =[1]
   Instruction values [Active=5]:
    0 = 
    1 = 
    2 = 
    3 = 
    4 = 
    5 = 

Process @0
 Dynamic Allocations: 0
 Open Streams: 3
 Open DIRs: 0
 Thread #1 @TT=0

