Recreating states:
Process @0
 Dynamic Allocations: 0
 Open Streams: 3
 Open DIRs: 0
 Thread #1 @TT=0

Process @2
 Dynamic Allocations: 0
 Open Streams: 3
 Open DIRs: 0
 Thread #1 @TT=1
  Function [Index=3]
   Allocas:
   Instruction values [Active=unassigned]:

Process @3
 Dynamic Allocations: 0
 Open Streams: 3
 Open DIRs: 0
 Thread #1 @TT=6
  Function [Index=3]
   Allocas:
    0 =[4]
    1 =[4]
    2 =[8]
    3 =[8]
   Instruction values [Active=4]:
    0 = 
    1 = 
    2 = 
    3 = 

Process @4
 Dynamic Allocations: 0
 Open Streams: 3
 Open DIRs: 0
 Thread #1 @TT=7
  Function [Index=3]
   Allocas:
    0 =[4]
    1 =[4]
    2 =[8]
    3 =[8]
   Instruction values [Active=5]:
    0 = 
    1 = 
    2 = 
    3 = 

Process @5
 Dynamic Allocations: 0
 Open Streams: 3
 Open DIRs: 0
 Thread #1 @TT=8
  Function [Index=3]
   Allocas:
    0 =[4]
    1 =[4]
    2 =[8]
    3 =[8]
   Instruction values [Active=7]:
    0 = 
    1 = 
    2 = 
    3 = 

Process @6
 Dynamic Allocations: 0
 Open Streams: 3
 Open DIRs: 0
 Thread #1 @TT=16
  Function [Index=3]
   Allocas:
    0 =[4]
    1 =[4]
    2 =[8]
    3 =[8]
   Instruction values [Active=10]:
    0 = 
    1 = 
    2 = 
    3 = 
  Function [Index=0]
   Allocas:
    0 =[10]
    1 =[8]
   Instruction values [Active=6]:
    0 = 
    1 = 
    4 = 
    5 = 
    6 = 

Process @7
 Dynamic Allocations: 0
 Open Streams: 3
 Open DIRs: 0
 Thread #1 @TT=17
  Function [Index=3]
   Allocas:
    0 =[4]
    1 =[4]
    2 =[8]
    3 =[8]
   Instruction values [Active=10]:
    0 = 
    1 = 
    2 = 
    3 = 
  Function [Index=0]
   Allocas:
    0 =[10]
    1 =[8]
   Instruction values [Active=7]:
    0 = 
    1 = 
    4 = 
    5 = 
    6 = 

Process @6
 Dynamic Allocations: 0
 Open Streams: 3
 Open DIRs: 0
 Thread #1 @TT=16
  Function [Index=3]
   Allocas:
    0 =[4]
    1 =[4]
    2 =[8]
    3 =[8]
   Instruction values [Active=10]:
    0 = 
    1 = 
    2 = 
    3 = 
  Function [Index=0]
   Allocas:
    0 =[10]
    1 =[8]
   Instruction values [Active=6]:
    0 = 
    1 = 
    4 = 
    5 = 
    6 = 

Process @5
 Dynamic Allocations: 0
 Open Streams: 3
 Open DIRs: 0
 Thread #1 @TT=15
  Function [Index=3]
   Allocas:
    0 =[4]
    1 =[4]
    2 =[8]
    3 =[8]
   Instruction values [Active=10]:
    0 = 
    1 = 
    2 = 
    3 = 
  Function [Index=0]
   Allocas:
    0 =[10]
    1 =[8]
   Instruction values [Active=6]:
    0 = 
    1 = 
    4 = 
    5 = 

Process @4
 Dynamic Allocations: 0
 Open Streams: 3
 Open DIRs: 0
 Thread #1 @TT=7
  Function [Index=3]
   Allocas:
    0 =[4]
    1 =[4]
    2 =[8]
    3 =[8]
   Instruction values [Active=5]:
    0 = 
    1 = 
    2 = 
    3 = 

Process @3
 Dynamic Allocations: 0
 Open Streams: 3
 Open DIRs: 0
 Thread #1 @TT=6
  Function [Index=3]
   Allocas:
    0 =[4]
    1 =[4]
    2 =[8]
    3 =[8]
   Instruction values [Active=4]:
    0 = 
    1 = 
    2 = 
    3 = 

Process @2
 Dynamic Allocations: 0
 Open Streams: 3
 Open DIRs: 0
 Thread #1 @TT=5
  Function [Index=3]
   Allocas:
    0 =[4]
    1 =[4]
    2 =[8]
    3 =[8]
   Instruction values [Active=3]:
    0 = 
    1 = 
    2 = 
    3 = 

Process @0
 Dynamic Allocations: 0
 Open Streams: 3
 Open DIRs: 0
 Thread #1 @TT=0

