Recreating states:
Process @0
 Dynamic Allocations: 0
 Open Streams: 3
 Open DIRs: 0
 Thread #1 @TT=0

Process @2
 Dynamic Allocations: 0
 Open Streams: 3
 Open DIRs: 0
 Thread #1 @TT=1
  Function [Index=2]
   Allocas:
   Instruction values [Active=unassigned]:

Process @3
 Dynamic Allocations: 0
 Open Streams: 3
 Open DIRs: 0
 Thread #1 @TT=7
  Function [Index=2]
   Allocas:
    0 =[1x4]
    1 =[1x4]
    2 =[1x8]
    3 =[1x8]
    4 =[1x16]
   Instruction values [Active=5]:
    0 = 
    1 = 
    2 = 
    3 = 
    4 = 

Process @4
 Dynamic Allocations: 0
 Open Streams: 3
 Open DIRs: 0
 Thread #1 @TT=8
  Function [Index=2]
   Allocas:
    0 =[1x4]
    1 =[1x4]
    2 =[1x8]
    3 =[1x8]
    4 =[1x16]
   Instruction values [Active=6]:
    0 = 
    1 = 
    2 = 
    3 = 
    4 = 

Process @5
 Dynamic Allocations: 0
 Open Streams: 3
 Open DIRs: 0
 Thread #1 @TT=9
  Function [Index=2]
   Allocas:
    0 =[1x4]
    1 =[1x4]
    2 =[1x8]
    3 =[1x8]
    4 =[1x16]
   Instruction values [Active=8]:
    0 = 
    1 = 
    2 = 
    3 = 
    4 = 

Process @6
 Dynamic Allocations: 0
 Open Streams: 3
 Open DIRs: 0
 Thread #1 @TT=10
  Function [Index=2]
   Allocas:
    0 =[1x4]
    1 =[1x4]
    2 =[1x8]
    3 =[1x8]
    4 =[1x16]
   Instruction values [Active=10]:
    0 = 
    1 = 
    2 = 
    3 = 
    4 = 

Process @7
 Dynamic Allocations: 0
 Open Streams: 3
 Open DIRs: 0
 Thread #1 @TT=29
  Function [Index=2]
   Allocas:
    0 =[1x4]
    1 =[1x4]
    2 =[1x8]
    3 =[1x8]
    4 =[1x16]
   Instruction values [Active=30]:
    0 = 
    1 = 
    2 = 
    3 = 
    4 = 
    12 = (int64_t)2, (uint64_t)2
    13 = (int64_t)0, (uint64_t)0
    14 = (int64_t)0, (uint64_t)0
    18 = 
    19 = 
    20 = 
    21 = 
    22 = (int64_t)0, (uint64_t)0
    23 = (int64_t)-1, (uint64_t)1
    24 = (int64_t)1, (uint64_t)1
    27 = 
    28 = 
    29 = 
  Function [Index=0]
   Allocas:
    0 =[1x16]
    1 =[1x8]
   Instruction values [Active=2]:
    0 = 
    1 = 

Process @8
 Dynamic Allocations: 0
 Open Streams: 3
 Open DIRs: 0
 Thread #1 @TT=31
  Function [Index=2]
   Allocas:
    0 =[1x4]
    1 =[1x4]
    2 =[1x8]
    3 =[1x8]
    4 =[1x16]
   Instruction values [Active=30]:
    0 = 
    1 = 
    2 = 
    3 = 
    4 = 
    12 = (int64_t)2, (uint64_t)2
    13 = (int64_t)0, (uint64_t)0
    14 = (int64_t)0, (uint64_t)0
    18 = 
    19 = 
    20 = 
    21 = 
    22 = (int64_t)0, (uint64_t)0
    23 = (int64_t)-1, (uint64_t)1
    24 = (int64_t)1, (uint64_t)1
    27 = 
    28 = 
    29 = 
  Function [Index=0]
   Allocas:
    0 =[1x16]
    1 =[1x8]
   Instruction values [Active=5]:
    0 = 
    1 = 
    4 = 

Process @9
 Dynamic Allocations: 0
 Open Streams: 3
 Open DIRs: 0
 Thread #1 @TT=34
  Function [Index=2]
   Allocas:
    0 =[1x4]
    1 =[1x4]
    2 =[1x8]
    3 =[1x8]
    4 =[1x16]
   Instruction values [Active=30]:
    0 = 
    1 = 
    2 = 
    3 = 
    4 = 
    12 = (int64_t)2, (uint64_t)2
    13 = (int64_t)0, (uint64_t)0
    14 = (int64_t)0, (uint64_t)0
    18 = 
    19 = 
    20 = 
    21 = 
    22 = (int64_t)0, (uint64_t)0
    23 = (int64_t)-1, (uint64_t)1
    24 = (int64_t)1, (uint64_t)1
    27 = 
    28 = 
    29 = 
  Function [Index=0]
   Allocas:
    0 =[1x16]
    1 =[1x8]
   Instruction values [Active=8]:
    0 = 
    1 = 
    4 = 
    6 = 
    7 = 

Process @10
 Dynamic Allocations: 0
 Open Streams: 3
 Open DIRs: 0
 Thread #1 @TT=36
  Function [Index=2]
   Allocas:
    0 =[1x4]
    1 =[1x4]
    2 =[1x8]
    3 =[1x8]
    4 =[1x16]
   Instruction values [Active=30]:
    0 = 
    1 = 
    2 = 
    3 = 
    4 = 
    12 = (int64_t)2, (uint64_t)2
    13 = (int64_t)0, (uint64_t)0
    14 = (int64_t)0, (uint64_t)0
    18 = 
    19 = 
    20 = 
    21 = 
    22 = (int64_t)0, (uint64_t)0
    23 = (int64_t)-1, (uint64_t)1
    24 = (int64_t)1, (uint64_t)1
    27 = 
    28 = 
    29 = 

Process @11
 Dynamic Allocations: 0
 Open Streams: 3
 Open DIRs: 0
 Thread #1 @TT=40
  Function [Index=2]
   Allocas:
    0 =[1x4]
    1 =[1x4]
    2 =[1x8]
    3 =[1x8]
    4 =[1x16]
   Instruction values [Active=34]:
    0 = 
    1 = 
    2 = 
    3 = 
    4 = 
    12 = (int64_t)2, (uint64_t)2
    13 = (int64_t)0, (uint64_t)0
    14 = (int64_t)0, (uint64_t)0
    18 = 
    19 = 
    20 = 
    21 = 
    22 = (int64_t)0, (uint64_t)0
    23 = (int64_t)-1, (uint64_t)1
    24 = (int64_t)1, (uint64_t)1
    27 = 
    28 = 
    29 = 
    31 = 
    32 = 
    33 = (int64_t)0, (uint64_t)0

Process @12
 Dynamic Allocations: 0
 Open Streams: 3
 Open DIRs: 0
 Thread #1 @TT=43
  Function [Index=2]
   Allocas:
    0 =[1x4]
    1 =[1x4]
    2 =[1x8]
    3 =[1x8]
    4 =[1x16]
   Instruction values [Active=37]:
    0 = 
    1 = 
    2 = 
    3 = 
    4 = 
    12 = (int64_t)2, (uint64_t)2
    13 = (int64_t)0, (uint64_t)0
    14 = (int64_t)0, (uint64_t)0
    18 = 
    19 = 
    20 = 
    21 = 
    22 = (int64_t)0, (uint64_t)0
    23 = (int64_t)-1, (uint64_t)1
    24 = (int64_t)1, (uint64_t)1
    27 = 
    28 = 
    29 = 
    31 = 
    32 = 
    33 = (int64_t)0, (uint64_t)0
    35 = 
    36 = 

Process @13
 Dynamic Allocations: 0
 Open Streams: 3
 Open DIRs: 0
 Thread #1 @TT=47
  Function [Index=2]
   Allocas:
    0 =[1x4]
    1 =[1x4]
    2 =[1x8]
    3 =[1x8]
    4 =[1x16]
   Instruction values [Active=41]:
    0 = 
    1 = 
    2 = 
    3 = 
    4 = 
    12 = (int64_t)2, (uint64_t)2
    13 = (int64_t)0, (uint64_t)0
    14 = (int64_t)0, (uint64_t)0
    18 = 
    19 = 
    20 = 
    21 = 
    22 = (int64_t)0, (uint64_t)0
    23 = (int64_t)-1, (uint64_t)1
    24 = (int64_t)1, (uint64_t)1
    27 = 
    28 = 
    29 = 
    31 = 
    32 = 
    33 = (int64_t)0, (uint64_t)0
    35 = 
    36 = 
    38 = 
    39 = 
    40 = 
    41 = (int64_t)22, (uint64_t)22

Process @12
 Dynamic Allocations: 0
 Open Streams: 3
 Open DIRs: 0
 Thread #1 @TT=46
  Function [Index=2]
   Allocas:
    0 =[1x4]
    1 =[1x4]
    2 =[1x8]
    3 =[1x8]
    4 =[1x16]
   Instruction values [Active=40]:
    0 = 
    1 = 
    2 = 
    3 = 
    4 = 
    12 = (int64_t)2, (uint64_t)2
    13 = (int64_t)0, (uint64_t)0
    14 = (int64_t)0, (uint64_t)0
    18 = 
    19 = 
    20 = 
    21 = 
    22 = (int64_t)0, (uint64_t)0
    23 = (int64_t)-1, (uint64_t)1
    24 = (int64_t)1, (uint64_t)1
    27 = 
    28 = 
    29 = 
    31 = 
    32 = 
    33 = (int64_t)0, (uint64_t)0
    35 = 
    36 = 
    38 = 
    39 = 
    40 = 

Process @11
 Dynamic Allocations: 0
 Open Streams: 3
 Open DIRs: 0
 Thread #1 @TT=42
  Function [Index=2]
   Allocas:
    0 =[1x4]
    1 =[1x4]
    2 =[1x8]
    3 =[1x8]
    4 =[1x16]
   Instruction values [Active=36]:
    0 = 
    1 = 
    2 = 
    3 = 
    4 = 
    12 = (int64_t)2, (uint64_t)2
    13 = (int64_t)0, (uint64_t)0
    14 = (int64_t)0, (uint64_t)0
    18 = 
    19 = 
    20 = 
    21 = 
    22 = (int64_t)0, (uint64_t)0
    23 = (int64_t)-1, (uint64_t)1
    24 = (int64_t)1, (uint64_t)1
    27 = 
    28 = 
    29 = 
    31 = 
    32 = 
    33 = (int64_t)0, (uint64_t)0
    35 = 
    36 = 

Process @10
 Dynamic Allocations: 0
 Open Streams: 3
 Open DIRs: 0
 Thread #1 @TT=39
  Function [Index=2]
   Allocas:
    0 =[1x4]
    1 =[1x4]
    2 =[1x8]
    3 =[1x8]
    4 =[1x16]
   Instruction values [Active=33]:
    0 = 
    1 = 
    2 = 
    3 = 
    4 = 
    12 = (int64_t)2, (uint64_t)2
    13 = (int64_t)0, (uint64_t)0
    14 = (int64_t)0, (uint64_t)0
    18 = 
    19 = 
    20 = 
    21 = 
    22 = (int64_t)0, (uint64_t)0
    23 = (int64_t)-1, (uint64_t)1
    24 = (int64_t)1, (uint64_t)1
    27 = 
    28 = 
    29 = 
    31 = 
    32 = 
    33 = (int64_t)0, (uint64_t)0

Process @9
 Dynamic Allocations: 0
 Open Streams: 3
 Open DIRs: 0
 Thread #1 @TT=35
  Function [Index=2]
   Allocas:
    0 =[1x4]
    1 =[1x4]
    2 =[1x8]
    3 =[1x8]
    4 =[1x16]
   Instruction values [Active=30]:
    0 = 
    1 = 
    2 = 
    3 = 
    4 = 
    12 = (int64_t)2, (uint64_t)2
    13 = (int64_t)0, (uint64_t)0
    14 = (int64_t)0, (uint64_t)0
    18 = 
    19 = 
    20 = 
    21 = 
    22 = (int64_t)0, (uint64_t)0
    23 = (int64_t)-1, (uint64_t)1
    24 = (int64_t)1, (uint64_t)1
    27 = 
    28 = 
    29 = 
  Function [Index=0]
   Allocas:
    0 =[1x16]
    1 =[1x8]
   Instruction values [Active=9]:
    0 = 
    1 = 
    4 = 
    6 = 
    7 = 
    9 = 

Process @8
 Dynamic Allocations: 0
 Open Streams: 3
 Open DIRs: 0
 Thread #1 @TT=33
  Function [Index=2]
   Allocas:
    0 =[1x4]
    1 =[1x4]
    2 =[1x8]
    3 =[1x8]
    4 =[1x16]
   Instruction values [Active=30]:
    0 = 
    1 = 
    2 = 
    3 = 
    4 = 
    12 = (int64_t)2, (uint64_t)2
    13 = (int64_t)0, (uint64_t)0
    14 = (int64_t)0, (uint64_t)0
    18 = 
    19 = 
    20 = 
    21 = 
    22 = (int64_t)0, (uint64_t)0
    23 = (int64_t)-1, (uint64_t)1
    24 = (int64_t)1, (uint64_t)1
    27 = 
    28 = 
    29 = 
  Function [Index=0]
   Allocas:
    0 =[1x16]
    1 =[1x8]
   Instruction values [Active=7]:
    0 = 
    1 = 
    4 = 
    6 = 
    7 = 

Process @7
 Dynamic Allocations: 0
 Open Streams: 3
 Open DIRs: 0
 Thread #1 @TT=30
  Function [Index=2]
   Allocas:
    0 =[1x4]
    1 =[1x4]
    2 =[1x8]
    3 =[1x8]
    4 =[1x16]
   Instruction values [Active=30]:
    0 = 
    1 = 
    2 = 
    3 = 
    4 = 
    12 = (int64_t)2, (uint64_t)2
    13 = (int64_t)0, (uint64_t)0
    14 = (int64_t)0, (uint64_t)0
    18 = 
    19 = 
    20 = 
    21 = 
    22 = (int64_t)0, (uint64_t)0
    23 = (int64_t)-1, (uint64_t)1
    24 = (int64_t)1, (uint64_t)1
    27 = 
    28 = 
    29 = 
  Function [Index=0]
   Allocas:
    0 =[1x16]
    1 =[1x8]
   Instruction values [Active=4]:
    0 = 
    1 = 
    4 = 

Process @6
 Dynamic Allocations: 0
 Open Streams: 3
 Open DIRs: 0
 Thread #1 @TT=28
  Function [Index=2]
   Allocas:
    0 =[1x4]
    1 =[1x4]
    2 =[1x8]
    3 =[1x8]
    4 =[1x16]
   Instruction values [Active=30]:
    0 = 
    1 = 
    2 = 
    3 = 
    4 = 
    12 = (int64_t)2, (uint64_t)2
    13 = (int64_t)0, (uint64_t)0
    14 = (int64_t)0, (uint64_t)0
    18 = 
    19 = 
    20 = 
    21 = 
    22 = (int64_t)0, (uint64_t)0
    23 = (int64_t)-1, (uint64_t)1
    24 = (int64_t)1, (uint64_t)1
    27 = 
    28 = 
    29 = 
  Function [Index=0]
   Allocas:
    0 =[1x16]
    1 =[1x8]
   Instruction values [Active=1]:
    0 = 
    1 = 

Process @5
 Dynamic Allocations: 0
 Open Streams: 3
 Open DIRs: 0
 Thread #1 @TT=9
  Function [Index=2]
   Allocas:
    0 =[1x4]
    1 =[1x4]
    2 =[1x8]
    3 =[1x8]
    4 =[1x16]
   Instruction values [Active=8]:
    0 = 
    1 = 
    2 = 
    3 = 
    4 = 

Process @4
 Dynamic Allocations: 0
 Open Streams: 3
 Open DIRs: 0
 Thread #1 @TT=8
  Function [Index=2]
   Allocas:
    0 =[1x4]
    1 =[1x4]
    2 =[1x8]
    3 =[1x8]
    4 =[1x16]
   Instruction values [Active=6]:
    0 = 
    1 = 
    2 = 
    3 = 
    4 = 

Process @3
 Dynamic Allocations: 0
 Open Streams: 3
 Open DIRs: 0
 Thread #1 @TT=7
  Function [Index=2]
   Allocas:
    0 =[1x4]
    1 =[1x4]
    2 =[1x8]
    3 =[1x8]
    4 =[1x16]
   Instruction values [Active=5]:
    0 = 
    1 = 
    2 = 
    3 = 
    4 = 

Process @2
 Dynamic Allocations: 0
 Open Streams: 3
 Open DIRs: 0
 Thread #1 @TT=6
  Function [Index=2]
   Allocas:
    0 =[1x4]
    1 =[1x4]
    2 =[1x8]
    3 =[1x8]
    4 =[1x16]
   Instruction values [Active=4]:
    0 = 
    1 = 
    2 = 
    3 = 
    4 = 

Process @0
 Dynamic Allocations: 0
 Open Streams: 3
 Open DIRs: 0
 Thread #1 @TT=0

