Recreating states:
Process @0
 Dynamic Allocations: 0
 Open Streams: 3
 Open DIRs: 0
 Thread #1 @TT=0

Process @2
 Dynamic Allocations: 0
 Open Streams: 3
 Open DIRs: 0
 Thread #1 @TT=1
  Function [Index=4]
   Allocas:
   Instruction values [Active=unassigned]:

Process @3
 Dynamic Allocations: 0
 Open Streams: 3
 Open DIRs: 0
 Thread #1 @TT=5
  Function [Index=4]
   Allocas:
    0 =[4]
    1 =[4]
    2 =[8]
   Instruction values [Active=3]:
    0 = 
    1 = 
    2 = 

Process @4
 Dynamic Allocations: 0
 Open Streams: 3
 Open DIRs: 0
 Thread #1 @TT=6
  Function [Index=4]
   Allocas:
    0 =[4]
    1 =[4]
    2 =[8]
   Instruction values [Active=4]:
    0 = 
    1 = 
    2 = 

Process @5
 Dynamic Allocations: 0
 Open Streams: 3
 Open DIRs: 0
 Thread #1 @TT=7
  Function [Index=4]
   Allocas:
    0 =[4]
    1 =[4]
    2 =[8]
   Instruction values [Active=6]:
    0 = 
    1 = 
    2 = 

Process @6
 Dynamic Allocations: 0
 Open Streams: 3
 Open DIRs: 0
 Thread #1 @TT=11
  Function [Index=4]
   Allocas:
    0 =[4]
    1 =[4]
    2 =[8]
   Instruction values [Active=8]:
    0 = 
    1 = 
    2 = 
  Function [Index=0]
   Allocas:
    0 =[4]
   Instruction values [Active=2]:
    0 = 

Process @7
 Dynamic Allocations: 0
 Open Streams: 3
 Open DIRs: 0
 Thread #1 @TT=12
  Function [Index=4]
   Allocas:
    0 =[4]
    1 =[4]
    2 =[8]
   Instruction values [Active=8]:
    0 = 
    1 = 
    2 = 
  Function [Index=0]
   Allocas:
    0 =[4]
   Instruction values [Active=3]:
    0 = 

Process @8
 Dynamic Allocations: 0
 Open Streams: 3
 Open DIRs: 0
 Thread #1 @TT=14
  Function [Index=4]
   Allocas:
    0 =[4]
    1 =[4]
    2 =[8]
   Instruction values [Active=8]:
    0 = 
    1 = 
    2 = 
  Function [Index=0]
   Allocas:
    0 =[4]
   Instruction values [Active=5]:
    0 = 
    4 = 
    5 = (int64_t)23, (uint64_t)23

Process @9
 Dynamic Allocations: 0
 Open Streams: 3
 Open DIRs: 0
 Thread #1 @TT=17
  Function [Index=4]
   Allocas:
    0 =[4]
    1 =[4]
    2 =[8]
   Instruction values [Active=8]:
    0 = 
    1 = 
    2 = 
  Function [Index=0]
   Allocas:
    0 =[4]
   Instruction values [Active=8]:
    0 = 
    4 = 
    5 = (int64_t)23, (uint64_t)23
    6 = (int64_t)0, (uint64_t)0
    7 = 
    8 = (int64_t)10, (uint64_t)10

Process @10
 Dynamic Allocations: 0
 Open Streams: 3
 Open DIRs: 0
 Thread #1 @TT=20
  Function [Index=4]
   Allocas:
    0 =[4]
    1 =[4]
    2 =[8]
   Instruction values [Active=8]:
    0 = 
    1 = 
    2 = 
  Function [Index=0]
   Allocas:
    0 =[4]
   Instruction values [Active=11]:
    0 = 
    4 = 
    5 = (int64_t)23, (uint64_t)23
    6 = (int64_t)0, (uint64_t)0
    7 = 
    8 = (int64_t)10, (uint64_t)10
    9 = 
    10 = 
    11 = (int64_t)23, (uint64_t)23

Process @11
 Dynamic Allocations: 0
 Open Streams: 3
 Open DIRs: 0
 Thread #1 @TT=24
  Function [Index=4]
   Allocas:
    0 =[4]
    1 =[4]
    2 =[8]
   Instruction values [Active=8]:
    0 = 
    1 = 
    2 = 
  Function [Index=0]
   Allocas:
    0 =[4]
   Instruction values [Active=15]:
    0 = 
    4 = 
    5 = (int64_t)23, (uint64_t)23
    6 = (int64_t)0, (uint64_t)0
    7 = 
    8 = (int64_t)10, (uint64_t)10
    9 = 
    10 = 
    11 = (int64_t)23, (uint64_t)23
    12 = 
    13 = (int64_t)0, (uint64_t)0
    14 = 
    15 = (int64_t)10, (uint64_t)10

Process @12
 Dynamic Allocations: 0
 Open Streams: 3
 Open DIRs: 0
 Thread #1 @TT=25
  Function [Index=4]
   Allocas:
    0 =[4]
    1 =[4]
    2 =[8]
   Instruction values [Active=8]:
    0 = 
    1 = 
    2 = 

Process @13
 Dynamic Allocations: 0
 Open Streams: 3
 Open DIRs: 0
 Thread #1 @TT=30
  Function [Index=4]
   Allocas:
    0 =[4]
    1 =[4]
    2 =[8]
   Instruction values [Active=9]:
    0 = 
    1 = 
    2 = 
  Function [Index=3]
   Allocas:
    0 =[4]
   Instruction values [Active=2]:
    0 = 

Process @14
 Dynamic Allocations: 0
 Open Streams: 3
 Open DIRs: 0
 Thread #1 @TT=32
  Function [Index=4]
   Allocas:
    0 =[4]
    1 =[4]
    2 =[8]
   Instruction values [Active=9]:
    0 = 
    1 = 
    2 = 
  Function [Index=3]
   Allocas:
    0 =[4]
   Instruction values [Active=4]:
    0 = 
    3 = 
    4 = (int64_t)23, (uint64_t)23

Process @15
 Dynamic Allocations: 0
 Open Streams: 3
 Open DIRs: 0
 Thread #1 @TT=35
  Function [Index=4]
   Allocas:
    0 =[4]
    1 =[4]
    2 =[8]
   Instruction values [Active=9]:
    0 = 
    1 = 
    2 = 
  Function [Index=3]
   Allocas:
    0 =[4]
   Instruction values [Active=7]:
    0 = 
    3 = 
    4 = (int64_t)23, (uint64_t)23
    5 = (int64_t)0, (uint64_t)0
    6 = 
    7 = (int64_t)10, (uint64_t)10

Process @16
 Dynamic Allocations: 0
 Open Streams: 3
 Open DIRs: 0
 Thread #1 @TT=38
  Function [Index=4]
   Allocas:
    0 =[4]
    1 =[4]
    2 =[8]
   Instruction values [Active=9]:
    0 = 
    1 = 
    2 = 
  Function [Index=3]
   Allocas:
    0 =[4]
   Instruction values [Active=10]:
    0 = 
    3 = 
    4 = (int64_t)23, (uint64_t)23
    5 = (int64_t)0, (uint64_t)0
    6 = 
    7 = (int64_t)10, (uint64_t)10
    8 = 
    9 = 
    10 = (int64_t)23, (uint64_t)23

Process @15
 Dynamic Allocations: 0
 Open Streams: 3
 Open DIRs: 0
 Thread #1 @TT=37
  Function [Index=4]
   Allocas:
    0 =[4]
    1 =[4]
    2 =[8]
   Instruction values [Active=9]:
    0 = 
    1 = 
    2 = 
  Function [Index=3]
   Allocas:
    0 =[4]
   Instruction values [Active=9]:
    0 = 
    3 = 
    4 = (int64_t)23, (uint64_t)23
    5 = (int64_t)0, (uint64_t)0
    6 = 
    7 = (int64_t)10, (uint64_t)10
    8 = 
    9 = 

Process @14
 Dynamic Allocations: 0
 Open Streams: 3
 Open DIRs: 0
 Thread #1 @TT=34
  Function [Index=4]
   Allocas:
    0 =[4]
    1 =[4]
    2 =[8]
   Instruction values [Active=9]:
    0 = 
    1 = 
    2 = 
  Function [Index=3]
   Allocas:
    0 =[4]
   Instruction values [Active=6]:
    0 = 
    3 = 
    4 = (int64_t)23, (uint64_t)23
    5 = (int64_t)0, (uint64_t)0
    6 = 

Process @13
 Dynamic Allocations: 0
 Open Streams: 3
 Open DIRs: 0
 Thread #1 @TT=31
  Function [Index=4]
   Allocas:
    0 =[4]
    1 =[4]
    2 =[8]
   Instruction values [Active=9]:
    0 = 
    1 = 
    2 = 
  Function [Index=3]
   Allocas:
    0 =[4]
   Instruction values [Active=3]:
    0 = 
    3 = 

Process @12
 Dynamic Allocations: 0
 Open Streams: 3
 Open DIRs: 0
 Thread #1 @TT=29
  Function [Index=4]
   Allocas:
    0 =[4]
    1 =[4]
    2 =[8]
   Instruction values [Active=9]:
    0 = 
    1 = 
    2 = 
  Function [Index=3]
   Allocas:
    0 =[4]
   Instruction values [Active=0]:
    0 = 

Process @11
 Dynamic Allocations: 0
 Open Streams: 3
 Open DIRs: 0
 Thread #1 @TT=24
  Function [Index=4]
   Allocas:
    0 =[4]
    1 =[4]
    2 =[8]
   Instruction values [Active=8]:
    0 = 
    1 = 
    2 = 
  Function [Index=0]
   Allocas:
    0 =[4]
   Instruction values [Active=15]:
    0 = 
    4 = 
    5 = (int64_t)23, (uint64_t)23
    6 = (int64_t)0, (uint64_t)0
    7 = 
    8 = (int64_t)10, (uint64_t)10
    9 = 
    10 = 
    11 = (int64_t)23, (uint64_t)23
    12 = 
    13 = (int64_t)0, (uint64_t)0
    14 = 
    15 = (int64_t)10, (uint64_t)10

Process @10
 Dynamic Allocations: 0
 Open Streams: 3
 Open DIRs: 0
 Thread #1 @TT=23
  Function [Index=4]
   Allocas:
    0 =[4]
    1 =[4]
    2 =[8]
   Instruction values [Active=8]:
    0 = 
    1 = 
    2 = 
  Function [Index=0]
   Allocas:
    0 =[4]
   Instruction values [Active=14]:
    0 = 
    4 = 
    5 = (int64_t)23, (uint64_t)23
    6 = (int64_t)0, (uint64_t)0
    7 = 
    8 = (int64_t)10, (uint64_t)10
    9 = 
    10 = 
    11 = (int64_t)23, (uint64_t)23
    12 = 
    13 = (int64_t)0, (uint64_t)0
    14 = 

Process @9
 Dynamic Allocations: 0
 Open Streams: 3
 Open DIRs: 0
 Thread #1 @TT=19
  Function [Index=4]
   Allocas:
    0 =[4]
    1 =[4]
    2 =[8]
   Instruction values [Active=8]:
    0 = 
    1 = 
    2 = 
  Function [Index=0]
   Allocas:
    0 =[4]
   Instruction values [Active=10]:
    0 = 
    4 = 
    5 = (int64_t)23, (uint64_t)23
    6 = (int64_t)0, (uint64_t)0
    7 = 
    8 = (int64_t)10, (uint64_t)10
    9 = 
    10 = 

Process @8
 Dynamic Allocations: 0
 Open Streams: 3
 Open DIRs: 0
 Thread #1 @TT=16
  Function [Index=4]
   Allocas:
    0 =[4]
    1 =[4]
    2 =[8]
   Instruction values [Active=8]:
    0 = 
    1 = 
    2 = 
  Function [Index=0]
   Allocas:
    0 =[4]
   Instruction values [Active=7]:
    0 = 
    4 = 
    5 = (int64_t)23, (uint64_t)23
    6 = (int64_t)0, (uint64_t)0
    7 = 

Process @7
 Dynamic Allocations: 0
 Open Streams: 3
 Open DIRs: 0
 Thread #1 @TT=13
  Function [Index=4]
   Allocas:
    0 =[4]
    1 =[4]
    2 =[8]
   Instruction values [Active=8]:
    0 = 
    1 = 
    2 = 
  Function [Index=0]
   Allocas:
    0 =[4]
   Instruction values [Active=4]:
    0 = 
    4 = 

Process @6
 Dynamic Allocations: 0
 Open Streams: 3
 Open DIRs: 0
 Thread #1 @TT=11
  Function [Index=4]
   Allocas:
    0 =[4]
    1 =[4]
    2 =[8]
   Instruction values [Active=8]:
    0 = 
    1 = 
    2 = 
  Function [Index=0]
   Allocas:
    0 =[4]
   Instruction values [Active=2]:
    0 = 

Process @5
 Dynamic Allocations: 0
 Open Streams: 3
 Open DIRs: 0
 Thread #1 @TT=10
  Function [Index=4]
   Allocas:
    0 =[4]
    1 =[4]
    2 =[8]
   Instruction values [Active=8]:
    0 = 
    1 = 
    2 = 
  Function [Index=0]
   Allocas:
    0 =[4]
   Instruction values [Active=0]:
    0 = 

Process @4
 Dynamic Allocations: 0
 Open Streams: 3
 Open DIRs: 0
 Thread #1 @TT=6
  Function [Index=4]
   Allocas:
    0 =[4]
    1 =[4]
    2 =[8]
   Instruction values [Active=4]:
    0 = 
    1 = 
    2 = 

Process @3
 Dynamic Allocations: 0
 Open Streams: 3
 Open DIRs: 0
 Thread #1 @TT=5
  Function [Index=4]
   Allocas:
    0 =[4]
    1 =[4]
    2 =[8]
   Instruction values [Active=3]:
    0 = 
    1 = 
    2 = 

Process @2
 Dynamic Allocations: 0
 Open Streams: 3
 Open DIRs: 0
 Thread #1 @TT=4
  Function [Index=4]
   Allocas:
    0 =[4]
    1 =[4]
    2 =[8]
   Instruction values [Active=2]:
    0 = 
    1 = 
    2 = 

Process @0
 Dynamic Allocations: 0
 Open Streams: 3
 Open DIRs: 0
 Thread #1 @TT=0

