Recreating states:
Process @0
 Dynamic Allocations: 0
 Open Streams: 3
 Open DIRs: 0
 Thread #1 @TT=0

Process @2
 Dynamic Allocations: 0
 Open Streams: 3
 Open DIRs: 0
 Thread #1 @TT=1
  Function [Index=0]
   Allocas:
   Instruction values [Active=unassigned]:

Process @3
 Dynamic Allocations: 0
 Open Streams: 3
 Open DIRs: 0
 Thread #1 @TT=7
  Function [Index=0]
   Allocas:
    0 =[4]
    1 =[4]
    2 =[8]
    3 =[8]
    4 =[8]
   Instruction values [Active=5]:
    0 = 
    1 = 
    2 = 
    3 = 
    4 = 

Process @4
 Dynamic Allocations: 0
 Open Streams: 3
 Open DIRs: 0
 Thread #1 @TT=8
  Function [Index=0]
   Allocas:
    0 =[4]
    1 =[4]
    2 =[8]
    3 =[8]
    4 =[8]
   Instruction values [Active=6]:
    0 = 
    1 = 
    2 = 
    3 = 
    4 = 

Process @5
 Dynamic Allocations: 0
 Open Streams: 3
 Open DIRs: 0
 Thread #1 @TT=9
  Function [Index=0]
   Allocas:
    0 =[4]
    1 =[4]
    2 =[8]
    3 =[8]
    4 =[8]
   Instruction values [Active=8]:
    0 = 
    1 = 
    2 = 
    3 = 
    4 = 

Process @6
 Dynamic Allocations: 0
 Open Streams: 3
 Open DIRs: 0
 Thread #1 @TT=11
  Function [Index=0]
   Allocas:
    0 =[4]
    1 =[4]
    2 =[8]
    3 =[8]
    4 =[8]
   Instruction values [Active=12]:
    0 = 
    1 = 
    2 = 
    3 = 
    4 = 
    11 = 

Process @7
 Dynamic Allocations: 0
 Open Streams: 3
 Open DIRs: 0
 Thread #1 @TT=16
  Function [Index=0]
   Allocas:
    0 =[4]
    1 =[4]
    2 =[8]
    3 =[8]
    4 =[8]
   Instruction values [Active=18]:
    0 = 
    1 = 
    2 = 
    3 = 
    4 = 
    11 = 
    14 = 
    15 = 
    16 = 
    17 = 
    18 = 

Process @8
 Dynamic Allocations: 0
 Open Streams: 3
 Open DIRs: 0
 Thread #1 @TT=17
  Function [Index=0]
   Allocas:
    0 =[4]
    1 =[4]
    2 =[8]
    3 =[8]
    4 =[8]
   Instruction values [Active=19]:
    0 = 
    1 = 
    2 = 
    3 = 
    4 = 
    11 = 
    14 = 
    15 = 
    16 = 
    17 = 
    18 = 

Process @9
 Dynamic Allocations: 0
 Open Streams: 3
 Open DIRs: 0
 Thread #1 @TT=22
  Function [Index=0]
   Allocas:
    0 =[4]
    1 =[4]
    2 =[8]
    3 =[8]
    4 =[8]
   Instruction values [Active=26]:
    0 = 
    1 = 
    2 = 
    3 = 
    4 = 
    11 = 
    14 = 
    15 = 
    16 = 
    17 = 
    18 = 
    21 = 
    22 = (int64_t)-1, (uint64_t)1
    24 = 
    25 = 
    26 = (int64_t)4, (uint64_t)4

Process @10
 Dynamic Allocations: 0
 Open Streams: 3
 Open DIRs: 0
 Thread #1 @TT=24
  Function [Index=0]
   Allocas:
    0 =[4]
    1 =[4]
    2 =[8]
    3 =[8]
    4 =[8]
   Instruction values [Active=28]:
    0 = 
    1 = 
    2 = 
    3 = 
    4 = 
    11 = 
    14 = 
    15 = 
    16 = 
    17 = 
    18 = 
    21 = 
    22 = (int64_t)-1, (uint64_t)1
    24 = 
    25 = 
    26 = (int64_t)4, (uint64_t)4
    27 = 
    28 = 

Process @11
 Dynamic Allocations: 0
 Open Streams: 3
 Open DIRs: 0
 Thread #1 @TT=25
  Function [Index=0]
   Allocas:
    0 =[4]
    1 =[4]
    2 =[8]
    3 =[8]
    4 =[8]
   Instruction values [Active=29]:
    0 = 
    1 = 
    2 = 
    3 = 
    4 = 
    11 = 
    14 = 
    15 = 
    16 = 
    17 = 
    18 = 
    21 = 
    22 = (int64_t)-1, (uint64_t)1
    24 = 
    25 = 
    26 = (int64_t)4, (uint64_t)4
    27 = 
    28 = 

Process @12
 Dynamic Allocations: 0
 Open Streams: 3
 Open DIRs: 0
 Thread #1 @TT=30
  Function [Index=0]
   Allocas:
    0 =[4]
    1 =[4]
    2 =[8]
    3 =[8]
    4 =[8]
   Instruction values [Active=26]:
    0 = 
    1 = 
    2 = 
    3 = 
    4 = 
    11 = 
    14 = 
    15 = 
    16 = 
    17 = 
    18 = 
    21 = 
    22 = (int64_t)-1, (uint64_t)1
    24 = 
    25 = 
    26 = (int64_t)4, (uint64_t)4

Process @13
 Dynamic Allocations: 0
 Open Streams: 3
 Open DIRs: 0
 Thread #1 @TT=32
  Function [Index=0]
   Allocas:
    0 =[4]
    1 =[4]
    2 =[8]
    3 =[8]
    4 =[8]
   Instruction values [Active=28]:
    0 = 
    1 = 
    2 = 
    3 = 
    4 = 
    11 = 
    14 = 
    15 = 
    16 = 
    17 = 
    18 = 
    21 = 
    22 = (int64_t)-1, (uint64_t)1
    24 = 
    25 = 
    26 = (int64_t)4, (uint64_t)4
    27 = 
    28 = 

Process @14
 Dynamic Allocations: 0
 Open Streams: 3
 Open DIRs: 0
 Thread #1 @TT=33
  Function [Index=0]
   Allocas:
    0 =[4]
    1 =[4]
    2 =[8]
    3 =[8]
    4 =[8]
   Instruction values [Active=29]:
    0 = 
    1 = 
    2 = 
    3 = 
    4 = 
    11 = 
    14 = 
    15 = 
    16 = 
    17 = 
    18 = 
    21 = 
    22 = (int64_t)-1, (uint64_t)1
    24 = 
    25 = 
    26 = (int64_t)4, (uint64_t)4
    27 = 
    28 = 

Process @15
 Dynamic Allocations: 0
 Open Streams: 3
 Open DIRs: 0
 Thread #1 @TT=38
  Function [Index=0]
   Allocas:
    0 =[4]
    1 =[4]
    2 =[8]
    3 =[8]
    4 =[8]
   Instruction values [Active=26]:
    0 = 
    1 = 
    2 = 
    3 = 
    4 = 
    11 = 
    14 = 
    15 = 
    16 = 
    17 = 
    18 = 
    21 = 
    22 = (int64_t)-1, (uint64_t)1
    24 = 
    25 = 
    26 = (int64_t)6, (uint64_t)6

Process @16
 Dynamic Allocations: 0
 Open Streams: 3
 Open DIRs: 0
 Thread #1 @TT=41
  Function [Index=0]
   Allocas:
    0 =[4]
    1 =[4]
    2 =[8]
    3 =[8]
    4 =[8]
   Instruction values [Active=29]:
    0 = 
    1 = 
    2 = 
    3 = 
    4 = 
    11 = 
    14 = 
    15 = 
    16 = 
    17 = 
    18 = 
    21 = 
    22 = (int64_t)-1, (uint64_t)1
    24 = 
    25 = 
    26 = (int64_t)6, (uint64_t)6
    27 = 
    28 = 

Process @17
 Dynamic Allocations: 0
 Open Streams: 3
 Open DIRs: 0
 Thread #1 @TT=44

Process @16
 Dynamic Allocations: 0
 Open Streams: 3
 Open DIRs: 0
 Thread #1 @TT=43
  Function [Index=0]
   Allocas:
    0 =[4]
    1 =[4]
    2 =[8]
    3 =[8]
    4 =[8]
   Instruction values [Active=22]:
    0 = 
    1 = 
    2 = 
    3 = 
    4 = 
    11 = 
    14 = 
    15 = 
    16 = 
    17 = 
    18 = 
    21 = 
    22 = (int64_t)0, (uint64_t)0

Process @15
 Dynamic Allocations: 0
 Open Streams: 3
 Open DIRs: 0
 Thread #1 @TT=40
  Function [Index=0]
   Allocas:
    0 =[4]
    1 =[4]
    2 =[8]
    3 =[8]
    4 =[8]
   Instruction values [Active=28]:
    0 = 
    1 = 
    2 = 
    3 = 
    4 = 
    11 = 
    14 = 
    15 = 
    16 = 
    17 = 
    18 = 
    21 = 
    22 = (int64_t)-1, (uint64_t)1
    24 = 
    25 = 
    26 = (int64_t)6, (uint64_t)6
    27 = 
    28 = 

Process @14
 Dynamic Allocations: 0
 Open Streams: 3
 Open DIRs: 0
 Thread #1 @TT=37
  Function [Index=0]
   Allocas:
    0 =[4]
    1 =[4]
    2 =[8]
    3 =[8]
    4 =[8]
   Instruction values [Active=25]:
    0 = 
    1 = 
    2 = 
    3 = 
    4 = 
    11 = 
    14 = 
    15 = 
    16 = 
    17 = 
    18 = 
    21 = 
    22 = (int64_t)-1, (uint64_t)1
    24 = 
    25 = 

Process @13
 Dynamic Allocations: 0
 Open Streams: 3
 Open DIRs: 0
 Thread #1 @TT=32
  Function [Index=0]
   Allocas:
    0 =[4]
    1 =[4]
    2 =[8]
    3 =[8]
    4 =[8]
   Instruction values [Active=28]:
    0 = 
    1 = 
    2 = 
    3 = 
    4 = 
    11 = 
    14 = 
    15 = 
    16 = 
    17 = 
    18 = 
    21 = 
    22 = (int64_t)-1, (uint64_t)1
    24 = 
    25 = 
    26 = (int64_t)4, (uint64_t)4
    27 = 
    28 = 

Process @12
 Dynamic Allocations: 0
 Open Streams: 3
 Open DIRs: 0
 Thread #1 @TT=31
  Function [Index=0]
   Allocas:
    0 =[4]
    1 =[4]
    2 =[8]
    3 =[8]
    4 =[8]
   Instruction values [Active=27]:
    0 = 
    1 = 
    2 = 
    3 = 
    4 = 
    11 = 
    14 = 
    15 = 
    16 = 
    17 = 
    18 = 
    21 = 
    22 = (int64_t)-1, (uint64_t)1
    24 = 
    25 = 
    26 = (int64_t)4, (uint64_t)4
    27 = 

Process @11
 Dynamic Allocations: 0
 Open Streams: 3
 Open DIRs: 0
 Thread #1 @TT=29
  Function [Index=0]
   Allocas:
    0 =[4]
    1 =[4]
    2 =[8]
    3 =[8]
    4 =[8]
   Instruction values [Active=25]:
    0 = 
    1 = 
    2 = 
    3 = 
    4 = 
    11 = 
    14 = 
    15 = 
    16 = 
    17 = 
    18 = 
    21 = 
    22 = (int64_t)-1, (uint64_t)1
    24 = 
    25 = 

Process @10
 Dynamic Allocations: 0
 Open Streams: 3
 Open DIRs: 0
 Thread #1 @TT=24
  Function [Index=0]
   Allocas:
    0 =[4]
    1 =[4]
    2 =[8]
    3 =[8]
    4 =[8]
   Instruction values [Active=28]:
    0 = 
    1 = 
    2 = 
    3 = 
    4 = 
    11 = 
    14 = 
    15 = 
    16 = 
    17 = 
    18 = 
    21 = 
    22 = (int64_t)-1, (uint64_t)1
    24 = 
    25 = 
    26 = (int64_t)4, (uint64_t)4
    27 = 
    28 = 

Process @9
 Dynamic Allocations: 0
 Open Streams: 3
 Open DIRs: 0
 Thread #1 @TT=23
  Function [Index=0]
   Allocas:
    0 =[4]
    1 =[4]
    2 =[8]
    3 =[8]
    4 =[8]
   Instruction values [Active=27]:
    0 = 
    1 = 
    2 = 
    3 = 
    4 = 
    11 = 
    14 = 
    15 = 
    16 = 
    17 = 
    18 = 
    21 = 
    22 = (int64_t)-1, (uint64_t)1
    24 = 
    25 = 
    26 = (int64_t)4, (uint64_t)4
    27 = 

Process @8
 Dynamic Allocations: 0
 Open Streams: 3
 Open DIRs: 0
 Thread #1 @TT=21
  Function [Index=0]
   Allocas:
    0 =[4]
    1 =[4]
    2 =[8]
    3 =[8]
    4 =[8]
   Instruction values [Active=25]:
    0 = 
    1 = 
    2 = 
    3 = 
    4 = 
    11 = 
    14 = 
    15 = 
    16 = 
    17 = 
    18 = 
    21 = 
    22 = (int64_t)-1, (uint64_t)1
    24 = 
    25 = 

Process @7
 Dynamic Allocations: 0
 Open Streams: 3
 Open DIRs: 0
 Thread #1 @TT=16
  Function [Index=0]
   Allocas:
    0 =[4]
    1 =[4]
    2 =[8]
    3 =[8]
    4 =[8]
   Instruction values [Active=18]:
    0 = 
    1 = 
    2 = 
    3 = 
    4 = 
    11 = 
    14 = 
    15 = 
    16 = 
    17 = 
    18 = 

Process @6
 Dynamic Allocations: 0
 Open Streams: 3
 Open DIRs: 0
 Thread #1 @TT=15
  Function [Index=0]
   Allocas:
    0 =[4]
    1 =[4]
    2 =[8]
    3 =[8]
    4 =[8]
   Instruction values [Active=17]:
    0 = 
    1 = 
    2 = 
    3 = 
    4 = 
    11 = 
    14 = 
    15 = 
    16 = 
    17 = 

Process @5
 Dynamic Allocations: 0
 Open Streams: 3
 Open DIRs: 0
 Thread #1 @TT=10
  Function [Index=0]
   Allocas:
    0 =[4]
    1 =[4]
    2 =[8]
    3 =[8]
    4 =[8]
   Instruction values [Active=11]:
    0 = 
    1 = 
    2 = 
    3 = 
    4 = 
    11 = 

Process @4
 Dynamic Allocations: 0
 Open Streams: 3
 Open DIRs: 0
 Thread #1 @TT=8
  Function [Index=0]
   Allocas:
    0 =[4]
    1 =[4]
    2 =[8]
    3 =[8]
    4 =[8]
   Instruction values [Active=6]:
    0 = 
    1 = 
    2 = 
    3 = 
    4 = 

Process @3
 Dynamic Allocations: 0
 Open Streams: 3
 Open DIRs: 0
 Thread #1 @TT=7
  Function [Index=0]
   Allocas:
    0 =[4]
    1 =[4]
    2 =[8]
    3 =[8]
    4 =[8]
   Instruction values [Active=5]:
    0 = 
    1 = 
    2 = 
    3 = 
    4 = 

Process @2
 Dynamic Allocations: 0
 Open Streams: 3
 Open DIRs: 0
 Thread #1 @TT=6
  Function [Index=0]
   Allocas:
    0 =[4]
    1 =[4]
    2 =[8]
    3 =[8]
    4 =[8]
   Instruction values [Active=4]:
    0 = 
    1 = 
    2 = 
    3 = 
    4 = 

Process @0
 Dynamic Allocations: 0
 Open Streams: 3
 Open DIRs: 0
 Thread #1 @TT=0

